Archive member included to satisfy reference by file (symbol)

/usr/lib/gcc/arm-none-eabi/13.2.1/../../../arm-none-eabi/lib/thumb/v7e-m+fp/hard/libm.a(libm_a-w_atan2.o)
                              CMakeFiles/falconDrone.dir/Core/Src/MPU6050.cpp.obj (atan2)
/usr/lib/gcc/arm-none-eabi/13.2.1/../../../arm-none-eabi/lib/thumb/v7e-m+fp/hard/libm.a(libm_a-w_sqrt.o)
                              CMakeFiles/falconDrone.dir/Core/Src/MPU6050.cpp.obj (sqrt)
/usr/lib/gcc/arm-none-eabi/13.2.1/../../../arm-none-eabi/lib/thumb/v7e-m+fp/hard/libm.a(libm_a-e_sqrt.o)
                              /usr/lib/gcc/arm-none-eabi/13.2.1/../../../arm-none-eabi/lib/thumb/v7e-m+fp/hard/libm.a(libm_a-w_sqrt.o) (__ieee754_sqrt)
/usr/lib/gcc/arm-none-eabi/13.2.1/../../../arm-none-eabi/lib/thumb/v7e-m+fp/hard/libm.a(libm_a-e_atan2.o)
                              /usr/lib/gcc/arm-none-eabi/13.2.1/../../../arm-none-eabi/lib/thumb/v7e-m+fp/hard/libm.a(libm_a-w_atan2.o) (__ieee754_atan2)
/usr/lib/gcc/arm-none-eabi/13.2.1/../../../arm-none-eabi/lib/thumb/v7e-m+fp/hard/libm.a(libm_a-s_atan.o)
                              /usr/lib/gcc/arm-none-eabi/13.2.1/../../../arm-none-eabi/lib/thumb/v7e-m+fp/hard/libm.a(libm_a-e_atan2.o) (atan)
/usr/lib/gcc/arm-none-eabi/13.2.1/../../../arm-none-eabi/lib/thumb/v7e-m+fp/hard/libm.a(libm_a-s_fabs.o)
                              /usr/lib/gcc/arm-none-eabi/13.2.1/../../../arm-none-eabi/lib/thumb/v7e-m+fp/hard/libm.a(libm_a-e_atan2.o) (fabs)
/usr/lib/gcc/arm-none-eabi/13.2.1/thumb/v7e-m+fp/hard/libgcc.a(_arm_muldf3.o)
                              CMakeFiles/falconDrone.dir/Core/Src/MPU6050.cpp.obj (__aeabi_dmul)
/usr/lib/gcc/arm-none-eabi/13.2.1/thumb/v7e-m+fp/hard/libgcc.a(_arm_addsubdf3.o)
                              /usr/lib/gcc/arm-none-eabi/13.2.1/../../../arm-none-eabi/lib/thumb/v7e-m+fp/hard/libm.a(libm_a-e_sqrt.o) (__aeabi_dsub)
/usr/lib/gcc/arm-none-eabi/13.2.1/thumb/v7e-m+fp/hard/libgcc.a(_arm_muldivdf3.o)
                              /usr/lib/gcc/arm-none-eabi/13.2.1/../../../arm-none-eabi/lib/thumb/v7e-m+fp/hard/libm.a(libm_a-w_sqrt.o) (__aeabi_ddiv)
/usr/lib/gcc/arm-none-eabi/13.2.1/thumb/v7e-m+fp/hard/libgcc.a(_arm_cmpdf2.o)
                              /usr/lib/gcc/arm-none-eabi/13.2.1/../../../arm-none-eabi/lib/thumb/v7e-m+fp/hard/libm.a(libm_a-w_sqrt.o) (__aeabi_dcmplt)
/usr/lib/gcc/arm-none-eabi/13.2.1/thumb/v7e-m+fp/hard/libgcc.a(_arm_unorddf2.o)
                              /usr/lib/gcc/arm-none-eabi/13.2.1/../../../arm-none-eabi/lib/thumb/v7e-m+fp/hard/libm.a(libm_a-w_sqrt.o) (__aeabi_dcmpun)
/usr/lib/gcc/arm-none-eabi/13.2.1/thumb/v7e-m+fp/hard/libgcc.a(_arm_truncdfsf2.o)
                              CMakeFiles/falconDrone.dir/Core/Src/MPU6050.cpp.obj (__aeabi_d2f)
/usr/lib/gcc/arm-none-eabi/13.2.1/thumb/v7e-m+fp/hard/libgcc.a(_aeabi_uldivmod.o)
                              cmake/stm32cubemx/CMakeFiles/STM32_Drivers.dir/__/__/Drivers/STM32F4xx_HAL_Driver/Src/stm32f4xx_hal_rcc.c.obj (__aeabi_uldivmod)
/usr/lib/gcc/arm-none-eabi/13.2.1/thumb/v7e-m+fp/hard/libgcc.a(_udivmoddi4.o)
                              /usr/lib/gcc/arm-none-eabi/13.2.1/thumb/v7e-m+fp/hard/libgcc.a(_aeabi_uldivmod.o) (__udivmoddi4)
/usr/lib/gcc/arm-none-eabi/13.2.1/thumb/v7e-m+fp/hard/libgcc.a(_dvmd_tls.o)
                              /usr/lib/gcc/arm-none-eabi/13.2.1/thumb/v7e-m+fp/hard/libgcc.a(_aeabi_uldivmod.o) (__aeabi_ldiv0)
/usr/lib/gcc/arm-none-eabi/13.2.1/../../../arm-none-eabi/lib/thumb/v7e-m+fp/hard/libg_nano.a(libc_a-vsnprintf.o)
                              CMakeFiles/falconDrone.dir/Core/Src/logger.c.obj (vsnprintf)
/usr/lib/gcc/arm-none-eabi/13.2.1/../../../arm-none-eabi/lib/thumb/v7e-m+fp/hard/libg_nano.a(libc_a-impure.o)
                              /usr/lib/gcc/arm-none-eabi/13.2.1/../../../arm-none-eabi/lib/thumb/v7e-m+fp/hard/libg_nano.a(libc_a-vsnprintf.o) (_impure_ptr)
/usr/lib/gcc/arm-none-eabi/13.2.1/../../../arm-none-eabi/lib/thumb/v7e-m+fp/hard/libg_nano.a(libc_a-nano-svfprintf.o)
                              /usr/lib/gcc/arm-none-eabi/13.2.1/../../../arm-none-eabi/lib/thumb/v7e-m+fp/hard/libg_nano.a(libc_a-vsnprintf.o) (_svfprintf_r)
/usr/lib/gcc/arm-none-eabi/13.2.1/../../../arm-none-eabi/lib/thumb/v7e-m+fp/hard/libg_nano.a(libc_a-init.o)
                              /usr/lib/gcc/arm-none-eabi/13.2.1/../../../arm-none-eabi/lib/thumb/v7e-m+fp/hard/crt0.o (__libc_init_array)
/usr/lib/gcc/arm-none-eabi/13.2.1/../../../arm-none-eabi/lib/thumb/v7e-m+fp/hard/libg_nano.a(libc_a-puts.o)
                              CMakeFiles/falconDrone.dir/Core/Src/cpp_adapter.cpp.obj (puts)
/usr/lib/gcc/arm-none-eabi/13.2.1/../../../arm-none-eabi/lib/thumb/v7e-m+fp/hard/libg_nano.a(libc_a-findfp.o)
                              /usr/lib/gcc/arm-none-eabi/13.2.1/../../../arm-none-eabi/lib/thumb/v7e-m+fp/hard/libg_nano.a(libc_a-puts.o) (__sinit)
/usr/lib/gcc/arm-none-eabi/13.2.1/../../../arm-none-eabi/lib/thumb/v7e-m+fp/hard/libg_nano.a(libc_a-strlen.o)
[...]
Memory Configuration

Name             Origin             Length             Attributes
RAM              0x20000000         0x00020000         xrw
FLASH            0x08000000         0x00080000         xr
*default*        0x00000000         0xffffffff

Linker script and memory map

LOAD /usr/lib/gcc/arm-none-eabi/13.2.1/thumb/v7e-m+fp/hard/crti.o
LOAD /usr/lib/gcc/arm-none-eabi/13.2.1/thumb/v7e-m+fp/hard/crtbegin.o
LOAD /usr/lib/gcc/arm-none-eabi/13.2.1/../../../arm-none-eabi/lib/thumb/v7e-m+fp/hard/crt0.o
LOAD CMakeFiles/falconDrone.dir/Core/Src/main.c.obj
LOAD CMakeFiles/falconDrone.dir/Core/Src/gpio.c.obj
LOAD CMakeFiles/falconDrone.dir/Core/Src/freertos.c.obj
LOAD CMakeFiles/falconDrone.dir/Core/Src/dma.c.obj
LOAD CMakeFiles/falconDrone.dir/Core/Src/i2c.c.obj
LOAD CMakeFiles/falconDrone.dir/Core/Src/tim.c.obj
LOAD CMakeFiles/falconDrone.dir/Core/Src/usart.c.obj
LOAD CMakeFiles/falconDrone.dir/Core/Src/logger.c.obj
LOAD CMakeFiles/falconDrone.dir/Core/Src/stm32f4xx_it.c.obj
LOAD CMakeFiles/falconDrone.dir/Core/Src/stm32f4xx_hal_msp.c.obj
LOAD CMakeFiles/falconDrone.dir/Core/Src/stm32f4xx_hal_timebase_tim.c.obj
LOAD CMakeFiles/falconDrone.dir/Core/Src/sysmem.c.obj
LOAD CMakeFiles/falconDrone.dir/Core/Src/syscalls.c.obj
LOAD CMakeFiles/falconDrone.dir/startup_stm32f446xx.s.obj
LOAD CMakeFiles/falconDrone.dir/Core/Src/cpp_adapter.cpp.obj
LOAD CMakeFiles/falconDrone.dir/Core/Src/MPU6050.cpp.obj
LOAD cmake/stm32cubemx/CMakeFiles/STM32_Drivers.dir/__/__/Core/Src/system_stm32f4xx.c.obj
LOAD cmake/stm32cubemx/CMakeFiles/STM32_Drivers.dir/__/__/Drivers/STM32F4xx_HAL_Driver/Src/stm32f4xx_hal_tim.c.obj
LOAD cmake/stm32cubemx/CMakeFiles/STM32_Drivers.dir/__/__/Drivers/STM32F4xx_HAL_Driver/Src/stm32f4xx_hal_tim_ex.c.obj
LOAD cmake/stm32cubemx/CMakeFiles/STM32_Drivers.dir/__/__/Drivers/STM32F4xx_HAL_Driver/Src/stm32f4xx_hal_rcc.c.obj
LOAD cmake/stm32cubemx/CMakeFiles/STM32_Drivers.dir/__/__/Drivers/STM32F4xx_HAL_Driver/Src/stm32f4xx_hal_rcc_ex.c.obj
LOAD cmake/stm32cubemx/CMakeFiles/STM32_Drivers.dir/__/__/Drivers/STM32F4xx_HAL_Driver/Src/stm32f4xx_hal_flash.c.obj
LOAD cmake/stm32cubemx/CMakeFiles/STM32_Drivers.dir/__/__/Drivers/STM32F4xx_HAL_Driver/Src/stm32f4xx_hal_flash_ex.c.obj
LOAD cmake/stm32cubemx/CMakeFiles/STM32_Drivers.dir/__/__/Drivers/STM32F4xx_HAL_Driver/Src/stm32f4xx_hal_flash_ramfunc.c.obj
LOAD cmake/stm32cubemx/CMakeFiles/STM32_Drivers.dir/__/__/Drivers/STM32F4xx_HAL_Driver/Src/stm32f4xx_hal_gpio.c.obj
LOAD cmake/stm32cubemx/CMakeFiles/STM32_Drivers.dir/__/__/Drivers/STM32F4xx_HAL_Driver/Src/stm32f4xx_hal_dma_ex.c.obj
LOAD cmake/stm32cubemx/CMakeFiles/STM32_Drivers.dir/__/__/Drivers/STM32F4xx_HAL_Driver/Src/stm32f4xx_hal_dma.c.obj
LOAD cmake/stm32cubemx/CMakeFiles/STM32_Drivers.dir/__/__/Drivers/STM32F4xx_HAL_Driver/Src/stm32f4xx_hal_pwr.c.obj
LOAD cmake/stm32cubemx/CMakeFiles/STM32_Drivers.dir/__/__/Drivers/STM32F4xx_HAL_Driver/Src/stm32f4xx_hal_pwr_ex.c.obj
LOAD cmake/stm32cubemx/CMakeFiles/STM32_Drivers.dir/__/__/Drivers/STM32F4xx_HAL_Driver/Src/stm32f4xx_hal_cortex.c.obj
LOAD cmake/stm32cubemx/CMakeFiles/STM32_Drivers.dir/__/__/Drivers/STM32F4xx_HAL_Driver/Src/stm32f4xx_hal.c.obj
LOAD cmake/stm32cubemx/CMakeFiles/STM32_Drivers.dir/__/__/Drivers/STM32F4xx_HAL_Driver/Src/stm32f4xx_hal_exti.c.obj
LOAD cmake/stm32cubemx/CMakeFiles/STM32_Drivers.dir/__/__/Drivers/STM32F4xx_HAL_Driver/Src/stm32f4xx_hal_i2c.c.obj
LOAD cmake/stm32cubemx/CMakeFiles/STM32_Drivers.dir/__/__/Drivers/STM32F4xx_HAL_Driver/Src/stm32f4xx_hal_i2c_ex.c.obj
LOAD cmake/stm32cubemx/CMakeFiles/STM32_Drivers.dir/__/__/Drivers/STM32F4xx_HAL_Driver/Src/stm32f4xx_hal_uart.c.obj
LOAD cmake/stm32cubemx/CMakeFiles/FreeRTOS.dir/__/__/Middlewares/Third_Party/FreeRTOS/Source/croutine.c.obj
LOAD cmake/stm32cubemx/CMakeFiles/FreeRTOS.dir/__/__/Middlewares/Third_Party/FreeRTOS/Source/event_groups.c.obj
LOAD cmake/stm32cubemx/CMakeFiles/FreeRTOS.dir/__/__/Middlewares/Third_Party/FreeRTOS/Source/list.c.obj
LOAD cmake/stm32cubemx/CMakeFiles/FreeRTOS.dir/__/__/Middlewares/Third_Party/FreeRTOS/Source/queue.c.obj
LOAD cmake/stm32cubemx/CMakeFiles/FreeRTOS.dir/__/__/Middlewares/Third_Party/FreeRTOS/Source/stream_buffer.c.obj
LOAD cmake/stm32cubemx/CMakeFiles/FreeRTOS.dir/__/__/Middlewares/Third_Party/FreeRTOS/Source/tasks.c.obj
LOAD cmake/stm32cubemx/CMakeFiles/FreeRTOS.dir/__/__/Middlewares/Third_Party/FreeRTOS/Source/timers.c.obj
LOAD cmake/stm32cubemx/CMakeFiles/FreeRTOS.dir/__/__/Middlewares/Third_Party/FreeRTOS/Source/CMSIS_RTOS_V2/cmsis_os2.c.obj
LOAD cmake/stm32cubemx/CMakeFiles/FreeRTOS.dir/__/__/Middlewares/Third_Party/FreeRTOS/Source/portable/MemMang/heap_4.c.obj
LOAD cmake/stm32cubemx/CMakeFiles/FreeRTOS.dir/__/__/Middlewares/Third_Party/FreeRTOS/Source/portable/GCC/ARM_CM4F/port.c.obj
LOAD /usr/lib/gcc/arm-none-eabi/13.2.1/../../../arm-none-eabi/lib/thumb/v7e-m+fp/hard/libstdc++_nano.a
LOAD /usr/lib/gcc/arm-none-eabi/13.2.1/../../../arm-none-eabi/lib/thumb/v7e-m+fp/hard/libm.a
START GROUP
LOAD /usr/lib/gcc/arm-none-eabi/13.2.1/thumb/v7e-m+fp/hard/libgcc.a
LOAD /usr/lib/gcc/arm-none-eabi/13.2.1/../../../arm-none-eabi/lib/thumb/v7e-m+fp/hard/libg_nano.a
LOAD /usr/lib/gcc/arm-none-eabi/13.2.1/../../../arm-none-eabi/lib/thumb/v7e-m+fp/hard/libc_nano.a
END GROUP
START GROUP
LOAD /usr/lib/gcc/arm-none-eabi/13.2.1/thumb/v7e-m+fp/hard/libgcc.a
LOAD /usr/lib/gcc/arm-none-eabi/13.2.1/../../../arm-none-eabi/lib/thumb/v7e-m+fp/hard/libc_nano.a
LOAD /usr/lib/gcc/arm-none-eabi/13.2.1/../../../arm-none-eabi/lib/thumb/v7e-m+fp/hard/libnosys.a
END GROUP
START GROUP
LOAD /usr/lib/gcc/arm-none-eabi/13.2.1/thumb/v7e-m+fp/hard/libgcc.a
LOAD /usr/lib/gcc/arm-none-eabi/13.2.1/../../../arm-none-eabi/lib/thumb/v7e-m+fp/hard/libc_nano.a
LOAD /usr/lib/gcc/arm-none-eabi/13.2.1/../../../arm-none-eabi/lib/thumb/v7e-m+fp/hard/libnosys.a
END GROUP
LOAD /usr/lib/gcc/arm-none-eabi/13.2.1/thumb/v7e-m+fp/hard/crtend.o
LOAD /usr/lib/gcc/arm-none-eabi/13.2.1/thumb/v7e-m+fp/hard/crtn.o
                0x20020000                        _estack = (ORIGIN (RAM) + LENGTH (RAM))
                0x00000200                        _Min_Heap_Size = 0x200
                0x00000400                        _Min_Stack_Size = 0x400

.isr_vector     0x08000000      0x1c4
                0x08000000                        . = ALIGN (0x4)
 *(.isr_vector)
 .isr_vector    0x08000000      0x1c4 CMakeFiles/falconDrone.dir/startup_stm32f446xx.s.obj
                0x08000000                g_pfnVectors
                0x080001c4                        . = ALIGN (0x4)

.text           0x08000200    0x10d94
                0x08000200                        . = ALIGN (0x4)
 *(.text)
 .text          0x08000200       0x88 /usr/lib/gcc/arm-none-eabi/13.2.1/thumb/v7e-m+fp/hard/crtbegin.o
 .text          0x08000288        0x4 /usr/lib/gcc/arm-none-eabi/13.2.1/../../../arm-none-eabi/lib/thumb/v7e-m+fp/hard/libm.a(libm_a-w_atan2.o)
                0x08000288                atan2
 .text          0x0800028c       0x68 /usr/lib/gcc/arm-none-eabi/13.2.1/../../../arm-none-eabi/lib/thumb/v7e-m+fp/hard/libm.a(libm_a-w_sqrt.o)
                0x0800028c                sqrt
 .text          0x080002f4      0x1ec /usr/lib/gcc/arm-none-eabi/13.2.1/../../../arm-none-eabi/lib/thumb/v7e-m+fp/hard/libm.a(libm_a-e_sqrt.o)
                0x080002f4                __ieee754_sqrt
 .text          0x080004e0      0x1a8 /usr/lib/gcc/arm-none-eabi/13.2.1/../../../arm-none-eabi/lib/thumb/v7e-m+fp/hard/libm.a(libm_a-e_atan2.o)
                0x080004e0                __ieee754_atan2
 .text          0x08000688      0x34c /usr/lib/gcc/arm-none-eabi/13.2.1/../../../arm-none-eabi/lib/thumb/v7e-m+fp/hard/libm.a(libm_a-s_atan.o)
                0x08000688                atan
 .text          0x080009d4       0x10 /usr/lib/gcc/arm-none-eabi/13.2.1/../../../arm-none-eabi/lib/thumb/v7e-m+fp/hard/libm.a(libm_a-s_fabs.o)
                0x080009d4                fabs
 .text          0x080009e4      0x378 /usr/lib/gcc/arm-none-eabi/13.2.1/thumb/v7e-m+fp/hard/libgcc.a(_arm_addsubdf3.o)
                0x080009e4                __aeabi_drsub
                0x080009ec                __aeabi_dsub
                0x080009ec                __subdf3
                0x080009f0                __adddf3
                0x080009f0                __aeabi_dadd
                0x08000c68                __aeabi_ui2d
                0x08000c68                __floatunsidf
                0x08000c88                __floatsidf
                0x08000c88                __aeabi_i2d
                0x08000cac                __extendsfdf2
                0x08000cac                __aeabi_f2d
                0x08000cf0                __aeabi_ul2d
                0x08000cf0                __floatundidf
                0x08000d00                __floatdidf
                0x08000d00                __aeabi_l2d
 .text          0x08000d5c      0x424 /usr/lib/gcc/arm-none-eabi/13.2.1/thumb/v7e-m+fp/hard/libgcc.a(_arm_muldivdf3.o)
                0x08000d5c                __aeabi_dmul
                0x08000d5c                __muldf3
                0x08000fb0                __aeabi_ddiv
                0x08000fb0                __divdf3
 .text          0x08001180      0x110 /usr/lib/gcc/arm-none-eabi/13.2.1/thumb/v7e-m+fp/hard/libgcc.a(_arm_cmpdf2.o)
                0x08001180                __gtdf2
                0x08001180                __gedf2
                0x08001188                __ltdf2
                0x08001188                __ledf2
                0x08001190                __cmpdf2
                0x08001190                __eqdf2
                0x08001190                __nedf2
                0x0800120c                __aeabi_cdrcmple
                0x0800121c                __aeabi_cdcmple
                0x0800121c                __aeabi_cdcmpeq
                0x0800122c                __aeabi_dcmpeq
                0x08001240                __aeabi_dcmplt
                0x08001254                __aeabi_dcmple
                0x08001268                __aeabi_dcmpge
                0x0800127c                __aeabi_dcmpgt
 .text          0x08001290       0x2c /usr/lib/gcc/arm-none-eabi/13.2.1/thumb/v7e-m+fp/hard/libgcc.a(_arm_unorddf2.o)
                0x08001290                __aeabi_dcmpun
                0x08001290                __unorddf2
 .text          0x080012bc       0xa0 /usr/lib/gcc/arm-none-eabi/13.2.1/thumb/v7e-m+fp/hard/libgcc.a(_arm_truncdfsf2.o)
                0x080012bc                __aeabi_d2f
                0x080012bc                __truncdfsf2
 .text          0x0800135c       0x30 /usr/lib/gcc/arm-none-eabi/13.2.1/thumb/v7e-m+fp/hard/libgcc.a(_aeabi_uldivmod.o)
                0x0800135c                __aeabi_uldivmod
 .text          0x0800138c      0x2bc /usr/lib/gcc/arm-none-eabi/13.2.1/thumb/v7e-m+fp/hard/libgcc.a(_udivmoddi4.o)
                0x0800138c                __udivmoddi4
 .text          0x08001648        0x4 /usr/lib/gcc/arm-none-eabi/13.2.1/thumb/v7e-m+fp/hard/libgcc.a(_dvmd_tls.o)
                0x08001648                __aeabi_ldiv0
                0x08001648                __aeabi_idiv0
 .text          0x0800164c       0xec /usr/lib/gcc/arm-none-eabi/13.2.1/../../../arm-none-eabi/lib/thumb/v7e-m+fp/hard/libg_nano.a(libc_a-vsnprintf.o)
                0x0800164c                vsnprintf
                0x0800164c                vsniprintf
                0x080016c4                _vsnprintf_r
                0x080016c4                _vsniprintf_r
 .text          0x08001738      0x400 /usr/lib/gcc/arm-none-eabi/13.2.1/../../../arm-none-eabi/lib/thumb/v7e-m+fp/hard/libg_nano.a(libc_a-nano-svfprintf.o)
                0x08001738                __ssputs_r
                0x080017f8                __ssprint_r
                0x08001900                _svfprintf_r
                0x08001900                _svfiprintf_r
 .text          0x08001b38       0x50 /usr/lib/gcc/arm-none-eabi/13.2.1/../../../arm-none-eabi/lib/thumb/v7e-m+fp/hard/libg_nano.a(libc_a-init.o)
                0x08001b38                __libc_init_array
 .text          0x08001b88       0xa0 /usr/lib/gcc/arm-none-eabi/13.2.1/../../../arm-none-eabi/lib/thumb/v7e-m+fp/hard/libg_nano.a(libc_a-puts.o)
                0x08001b88                _puts_r
                0x08001c18                puts
 .text          0x08001c28      0x224 /usr/lib/gcc/arm-none-eabi/13.2.1/../../../arm-none-eabi/lib/thumb/v7e-m+fp/hard/libg_nano.a(libc_a-findfp.o)
                0x08001d58                __sfp
                0x08001dfc                __sinit
                0x08001e1c                __sfp_lock_acquire
                0x08001e20                __sfp_lock_release
                0x08001e24                __fp_lock_all
                0x08001e38                __fp_unlock_all
 *fill*         0x08001e4c       0x34 
 .text          0x08001e80       0xd8 /usr/lib/gcc/arm-none-eabi/13.2.1/../../../arm-none-eabi/lib/thumb/v7e-m+fp/hard/libg_nano.a(libc_a-strlen.o)
                0x08001e80                strlen
 .text          0x08001f58       0xa4 /usr/lib/gcc/arm-none-eabi/13.2.1/../../../arm-none-eabi/lib/thumb/v7e-m+fp/hard/libg_nano.a(libc_a-memset.o)
                0x08001f58                memset
 .text          0x08001ffc      0x1a8 /usr/lib/gcc/arm-none-eabi/13.2.1/../../../arm-none-eabi/lib/thumb/v7e-m+fp/hard/libg_nano.a(libc_a-fflush.o)
                0x08001ffc                __sflush_r
                0x08002120                _fflush_r
                0x08002158                fflush
 .text          0x080021a4        0xc /usr/lib/gcc/arm-none-eabi/13.2.1/../../../arm-none-eabi/lib/thumb/v7e-m+fp/hard/libg_nano.a(libc_a-errno.o)
                0x080021a4                __errno
 .text          0x080021b0      0x6b0 /usr/lib/gcc/arm-none-eabi/13.2.1/../../../arm-none-eabi/lib/thumb/v7e-m+fp/hard/libg_nano.a(libc_a-nano-vfprintf_float.o)
                0x080021b0                __cvt
                0x080022c0                __exponent
                0x08002344                _printf_float
 .text          0x08002860      0x148 /usr/lib/gcc/arm-none-eabi/13.2.1/../../../arm-none-eabi/lib/thumb/v7e-m+fp/hard/libg_nano.a(libc_a-mallocr.o)
                0x080028a8                _malloc_r
 .text          0x080029a8      0xfdc /usr/lib/gcc/arm-none-eabi/13.2.1/../../../arm-none-eabi/lib/thumb/v7e-m+fp/hard/libg_nano.a(libc_a-dtoa.o)
                0x08002ad4                _dtoa_r
 .text          0x08003984       0xbc /usr/lib/gcc/arm-none-eabi/13.2.1/../../../arm-none-eabi/lib/thumb/v7e-m+fp/hard/libg_nano.a(libc_a-freer.o)
                0x08003984                _free_r
 .text          0x08003a40      0x100 /usr/lib/gcc/arm-none-eabi/13.2.1/../../../arm-none-eabi/lib/thumb/v7e-m+fp/hard/libg_nano.a(libc_a-memmove.o)
                0x08003a40                memmove
 .text          0x08003b40       0x44 /usr/lib/gcc/arm-none-eabi/13.2.1/../../../arm-none-eabi/lib/thumb/v7e-m+fp/hard/libg_nano.a(libc_a-fwalk.o)
                0x08003b40                _fwalk_sglue
 *fill*         0x08003b84        0xc 
 .text          0x08003b90       0xa0 /usr/lib/gcc/arm-none-eabi/13.2.1/../../../arm-none-eabi/lib/thumb/v7e-m+fp/hard/libg_nano.a(libc_a-memchr.o)
                0x08003b90                memchr
 .text          0x08003c30       0xc4 /usr/lib/gcc/arm-none-eabi/13.2.1/../../../arm-none-eabi/lib/thumb/v7e-m+fp/hard/libg_nano.a(libc_a-wsetup.o)
                0x08003c30                __swsetup_r
 .text          0x08003cf4      0x134 /usr/lib/gcc/arm-none-eabi/13.2.1/../../../arm-none-eabi/lib/thumb/v7e-m+fp/hard/libg_nano.a(libc_a-memcpy.o)
                0x08003cf4                memcpy
 .text          0x08003e28       0x20 /usr/lib/gcc/arm-none-eabi/13.2.1/../../../arm-none-eabi/lib/thumb/v7e-m+fp/hard/libg_nano.a(libc_a-malloc.o)
                0x08003e28                malloc
                0x08003e38                free
 .text          0x08003e48       0x64 /usr/lib/gcc/arm-none-eabi/13.2.1/../../../arm-none-eabi/lib/thumb/v7e-m+fp/hard/libg_nano.a(libc_a-reallocr.o)
                0x08003e48                _realloc_r
 .text          0x08003eac      0x3a8 /usr/lib/gcc/arm-none-eabi/13.2.1/../../../arm-none-eabi/lib/thumb/v7e-m+fp/hard/libg_nano.a(libc_a-nano-vfprintf_i.o)
                0x08003eac                _printf_common
                0x08003fd0                _printf_i
 .text          0x08004254        0x8 /usr/lib/gcc/arm-none-eabi/13.2.1/../../../arm-none-eabi/lib/thumb/v7e-m+fp/hard/libg_nano.a(libc_a-mlock.o)
                0x08004254                __malloc_lock
                0x08004258                __malloc_unlock
 .text          0x0800425c      0x114 /usr/lib/gcc/arm-none-eabi/13.2.1/../../../arm-none-eabi/lib/thumb/v7e-m+fp/hard/libg_nano.a(libc_a-makebuf.o)
                0x0800425c                __smakebuf_r
                0x08004320                __swhatbuf_r
 .text          0x08004370       0x24 /usr/lib/gcc/arm-none-eabi/13.2.1/../../../arm-none-eabi/lib/thumb/v7e-m+fp/hard/libg_nano.a(libc_a-isattyr.o)
                0x08004370                _isatty_r
 .text          0x08004394       0xa0 /usr/lib/gcc/arm-none-eabi/13.2.1/../../../arm-none-eabi/lib/thumb/v7e-m+fp/hard/libg_nano.a(libc_a-wbuf.o)
                0x08004394                __swbuf_r
                0x0800441c                __swbuf
 .text          0x08004434       0x4c /usr/lib/gcc/arm-none-eabi/13.2.1/../../../arm-none-eabi/lib/thumb/v7e-m+fp/hard/libg_nano.a(libc_a-assert.o)
                0x08004434                __assert_func
                0x08004474                __assert
 .text          0x08004480      0xb10 /usr/lib/gcc/arm-none-eabi/13.2.1/../../../arm-none-eabi/lib/thumb/v7e-m+fp/hard/libg_nano.a(libc_a-mprec.o)
                0x08004480                _Balloc
                0x08004500                _Bfree
                0x08004548                __multadd
                0x080045e4                __s2b
                0x08004698                __hi0bits
                0x080046dc                __lo0bits
                0x0800473c                __i2b
                0x08004768                __multiply
                0x080048d4                __pow5mult
                0x080049b4                __lshift
                0x08004a9c                __mcmp
                0x08004ae0                __mdiff
                0x08004c58                __ulp
                0x08004cbc                __b2d
                0x08004d78                __d2b
                0x08004e38                __ratio
                0x08004e98                _mprec_log10
                0x08004ed8                __copybits
                0x08004f34                __any_on
 .text          0x08004f90       0x24 /usr/lib/gcc/arm-none-eabi/13.2.1/../../../arm-none-eabi/lib/thumb/v7e-m+fp/hard/libg_nano.a(libc_a-sbrkr.o)
                0x08004f90                _sbrk_r
 .text          0x08004fb4       0x94 /usr/lib/gcc/arm-none-eabi/13.2.1/../../../arm-none-eabi/lib/thumb/v7e-m+fp/hard/libg_nano.a(libc_a-stdio.o)
                0x08004fb4                __sread
                0x08004fd8                __seofread
                0x08004fdc                __swrite
                0x0800501c                __sseek
                0x08005040                __sclose
 .text          0x08005048       0x10 /usr/lib/gcc/arm-none-eabi/13.2.1/../../../arm-none-eabi/lib/thumb/v7e-m+fp/hard/libg_nano.a(libc_a-msizer.o)
                0x08005048                _malloc_usable_size_r
 .text          0x08005058       0x14 /usr/lib/gcc/arm-none-eabi/13.2.1/../../../arm-none-eabi/lib/thumb/v7e-m+fp/hard/libg_nano.a(libc_a-localeconv.o)
                0x08005058                __localeconv_l
                0x0800505c                _localeconv_r
                0x08005064                localeconv
 .text          0x0800506c       0x10 /usr/lib/gcc/arm-none-eabi/13.2.1/../../../arm-none-eabi/lib/thumb/v7e-m+fp/hard/libg_nano.a(libc_a-abort.o)
                0x0800506c                abort
 .text          0x0800507c       0x24 /usr/lib/gcc/arm-none-eabi/13.2.1/../../../arm-none-eabi/lib/thumb/v7e-m+fp/hard/libg_nano.a(libc_a-closer.o)
                0x0800507c                _close_r
 .text          0x080050a0       0x28 /usr/lib/gcc/arm-none-eabi/13.2.1/../../../arm-none-eabi/lib/thumb/v7e-m+fp/hard/libg_nano.a(libc_a-callocr.o)
                0x080050a0                _calloc_r
 .text          0x080050c8       0x30 /usr/lib/gcc/arm-none-eabi/13.2.1/../../../arm-none-eabi/lib/thumb/v7e-m+fp/hard/libg_nano.a(libc_a-wctomb_r.o)
                0x080050c8                _wctomb_r
                0x080050dc                __ascii_wctomb
 .text          0x080050f8       0x2c /usr/lib/gcc/arm-none-eabi/13.2.1/../../../arm-none-eabi/lib/thumb/v7e-m+fp/hard/libg_nano.a(libc_a-readr.o)
                0x080050f8                _read_r
 .text          0x08005124       0x44 /usr/lib/gcc/arm-none-eabi/13.2.1/../../../arm-none-eabi/lib/thumb/v7e-m+fp/hard/libg_nano.a(libc_a-fprintf.o)
                0x08005124                _fprintf_r
                0x08005124                _fiprintf_r
                0x08005140                fprintf
                0x08005140                fiprintf
 .text          0x08005168       0x2c /usr/lib/gcc/arm-none-eabi/13.2.1/../../../arm-none-eabi/lib/thumb/v7e-m+fp/hard/libg_nano.a(libc_a-fstatr.o)
                0x08005168                _fstat_r
 .text          0x08005194       0x2c /usr/lib/gcc/arm-none-eabi/13.2.1/../../../arm-none-eabi/lib/thumb/v7e-m+fp/hard/libg_nano.a(libc_a-lseekr.o)
                0x08005194                _lseek_r
 .text          0x080051c0       0x2c /usr/lib/gcc/arm-none-eabi/13.2.1/../../../arm-none-eabi/lib/thumb/v7e-m+fp/hard/libg_nano.a(libc_a-writer.o)
                0x080051c0                _write_r
 .text          0x080051ec      0x314 /usr/lib/gcc/arm-none-eabi/13.2.1/../../../arm-none-eabi/lib/thumb/v7e-m+fp/hard/libg_nano.a(libc_a-nano-vfprintf.o)
                0x08005228                __sfputs_r
                0x08005258                __sprint_r
                0x08005278                _vfiprintf_r
                0x08005278                _vfprintf_r
                0x080054e4                vfiprintf
                0x080054e4                vfprintf
 .text          0x08005500      0x300 /usr/lib/gcc/arm-none-eabi/13.2.1/../../../arm-none-eabi/lib/thumb/v7e-m+fp/hard/libg_nano.a(libc_a-fvwrite.o)
                0x08005500                __sfvwrite_r
 .text          0x08005800       0x40 /usr/lib/gcc/arm-none-eabi/13.2.1/../../../arm-none-eabi/lib/thumb/v7e-m+fp/hard/libg_nano.a(libc_a-mbtowc_r.o)
                0x08005800                _mbtowc_r
                0x08005814                __ascii_mbtowc
 .text          0x08005840      0x260 /usr/lib/gcc/arm-none-eabi/13.2.1/../../../arm-none-eabi/lib/thumb/v7e-m+fp/hard/libg_nano.a(libc_a-signal.o)
                0x08005840                _init_signal_r
                0x0800586c                _signal_r
                0x080058b8                _raise_r
                0x08005908                __sigtramp_r
                0x08005968                raise
                0x080059bc                signal
                0x08005a08                _init_signal
                0x08005a3c                __sigtramp
 .text          0x08005aa0       0x30 /usr/lib/gcc/arm-none-eabi/13.2.1/../../../arm-none-eabi/lib/thumb/v7e-m+fp/hard/libg_nano.a(libc_a-signalr.o)
                0x08005aa0                _kill_r
                0x08005acc                _getpid_r
 .text          0x08005ad0       0x50 /usr/lib/gcc/arm-none-eabi/13.2.1/thumb/v7e-m+fp/hard/libgcc.a(_arm_fixdfsi.o)
                0x08005ad0                __fixdfsi
                0x08005ad0                __aeabi_d2iz
 *(.text*)
 .text._write   0x08005b20       0x2c CMakeFiles/falconDrone.dir/Core/Src/main.c.obj
                0x08005b20                _write
 .text.HAL_UART_TxCpltCallback
                0x08005b4c       0x24 CMakeFiles/falconDrone.dir/Core/Src/main.c.obj
                0x08005b4c                HAL_UART_TxCpltCallback
 .text.HAL_I2C_MemRxCpltCallback
                0x08005b70       0x2c CMakeFiles/falconDrone.dir/Core/Src/main.c.obj
                0x08005b70                HAL_I2C_MemRxCpltCallback
 .text.HAL_I2C_ErrorCallback
                0x08005b9c       0x2c CMakeFiles/falconDrone.dir/Core/Src/main.c.obj
                0x08005b9c                HAL_I2C_ErrorCallback
 .text.main     0x08005bc8       0x34 CMakeFiles/falconDrone.dir/Core/Src/main.c.obj
                0x08005bc8                main
 .text.SystemClock_Config
                0x08005bfc       0xe4 CMakeFiles/falconDrone.dir/Core/Src/main.c.obj
                0x08005bfc                SystemClock_Config
 .text.HAL_TIM_PeriodElapsedCallback
                0x08005ce0       0x24 CMakeFiles/falconDrone.dir/Core/Src/main.c.obj
                0x08005ce0                HAL_TIM_PeriodElapsedCallback
 .text.Error_Handler
                0x08005d04        0xc CMakeFiles/falconDrone.dir/Core/Src/main.c.obj
                0x08005d04                Error_Handler
 .text.MX_GPIO_Init
                0x08005d10       0xdc CMakeFiles/falconDrone.dir/Core/Src/gpio.c.obj
                0x08005d10                MX_GPIO_Init
 .text.MX_FREERTOS_Init
                0x08005dec       0xa4 CMakeFiles/falconDrone.dir/Core/Src/freertos.c.obj
                0x08005dec                MX_FREERTOS_Init
 .text.StartDefaultTask
                0x08005e90       0x20 CMakeFiles/falconDrone.dir/Core/Src/freertos.c.obj
                0x08005e90                StartDefaultTask
 .text.StartIMUTask
                0x08005eb0       0x1a CMakeFiles/falconDrone.dir/Core/Src/freertos.c.obj
                0x08005eb0                StartIMUTask
 .text.StartLogTask
                0x08005eca        0xe CMakeFiles/falconDrone.dir/Core/Src/freertos.c.obj
                0x08005eca                StartLogTask
 .text.MX_DMA_Init
                0x08005ed8       0x60 CMakeFiles/falconDrone.dir/Core/Src/dma.c.obj
                0x08005ed8                MX_DMA_Init
 .text.MX_I2C1_Init
                0x08005f38       0x5c CMakeFiles/falconDrone.dir/Core/Src/i2c.c.obj
                0x08005f38                MX_I2C1_Init
 .text.HAL_I2C_MspInit
                0x08005f94      0x17c CMakeFiles/falconDrone.dir/Core/Src/i2c.c.obj
                0x08005f94                HAL_I2C_MspInit
 .text.I2C_Recover
                0x08006110       0xf4 CMakeFiles/falconDrone.dir/Core/Src/i2c.c.obj
                0x08006110                I2C_Recover
 .text.MX_TIM2_Init
                0x08006204      0x100 CMakeFiles/falconDrone.dir/Core/Src/tim.c.obj
                0x08006204                MX_TIM2_Init
 .text.MX_TIM3_Init
                0x08006304      0x104 CMakeFiles/falconDrone.dir/Core/Src/tim.c.obj
                0x08006304                MX_TIM3_Init
 .text.HAL_TIM_Base_MspInit
                0x08006408       0x88 CMakeFiles/falconDrone.dir/Core/Src/tim.c.obj
                0x08006408                HAL_TIM_Base_MspInit
 .text.HAL_TIM_MspPostInit
                0x08006490       0xbc CMakeFiles/falconDrone.dir/Core/Src/tim.c.obj
                0x08006490                HAL_TIM_MspPostInit
 .text.MX_USART2_UART_Init
                0x0800654c       0x54 CMakeFiles/falconDrone.dir/Core/Src/usart.c.obj
                0x0800654c                MX_USART2_UART_Init
 .text.HAL_UART_MspInit
                0x080065a0      0x104 CMakeFiles/falconDrone.dir/Core/Src/usart.c.obj
                0x080065a0                HAL_UART_MspInit
 .text.Log_ProcessQueue
                0x080066a4       0x4c CMakeFiles/falconDrone.dir/Core/Src/logger.c.obj
                0x080066a4                Log_ProcessQueue
 .text.Log_Printf
                0x080066f0       0x68 CMakeFiles/falconDrone.dir/Core/Src/logger.c.obj
                0x080066f0                Log_Printf
 .text.Log_TxComplete
                0x08006758       0x18 CMakeFiles/falconDrone.dir/Core/Src/logger.c.obj
                0x08006758                Log_TxComplete
 .text.NMI_Handler
                0x08006770        0x8 CMakeFiles/falconDrone.dir/Core/Src/stm32f4xx_it.c.obj
                0x08006770                NMI_Handler
 .text.HardFault_Handler
                0x08006778        0x8 CMakeFiles/falconDrone.dir/Core/Src/stm32f4xx_it.c.obj
                0x08006778                HardFault_Handler
 .text.MemManage_Handler
                0x08006780        0x8 CMakeFiles/falconDrone.dir/Core/Src/stm32f4xx_it.c.obj
                0x08006780                MemManage_Handler
 .text.BusFault_Handler
                0x08006788        0x8 CMakeFiles/falconDrone.dir/Core/Src/stm32f4xx_it.c.obj
                0x08006788                BusFault_Handler
 .text.UsageFault_Handler
                0x08006790        0x8 CMakeFiles/falconDrone.dir/Core/Src/stm32f4xx_it.c.obj
                0x08006790                UsageFault_Handler
 .text.DebugMon_Handler
                0x08006798        0xe CMakeFiles/falconDrone.dir/Core/Src/stm32f4xx_it.c.obj
                0x08006798                DebugMon_Handler
 *fill*         0x080067a6        0x2 
 .text.DMA1_Stream0_IRQHandler
                0x080067a8       0x14 CMakeFiles/falconDrone.dir/Core/Src/stm32f4xx_it.c.obj
                0x080067a8                DMA1_Stream0_IRQHandler
 .text.DMA1_Stream6_IRQHandler
                0x080067bc       0x14 CMakeFiles/falconDrone.dir/Core/Src/stm32f4xx_it.c.obj
                0x080067bc                DMA1_Stream6_IRQHandler
 .text.TIM1_UP_TIM10_IRQHandler
                0x080067d0       0x14 CMakeFiles/falconDrone.dir/Core/Src/stm32f4xx_it.c.obj
                0x080067d0                TIM1_UP_TIM10_IRQHandler
 .text.TIM2_IRQHandler
                0x080067e4       0x14 CMakeFiles/falconDrone.dir/Core/Src/stm32f4xx_it.c.obj
                0x080067e4                TIM2_IRQHandler
 .text.TIM3_IRQHandler
                0x080067f8       0x14 CMakeFiles/falconDrone.dir/Core/Src/stm32f4xx_it.c.obj
                0x080067f8                TIM3_IRQHandler
 .text.I2C1_EV_IRQHandler
                0x0800680c       0x14 CMakeFiles/falconDrone.dir/Core/Src/stm32f4xx_it.c.obj
                0x0800680c                I2C1_EV_IRQHandler
 .text.I2C1_ER_IRQHandler
                0x08006820       0x14 CMakeFiles/falconDrone.dir/Core/Src/stm32f4xx_it.c.obj
                0x08006820                I2C1_ER_IRQHandler
 .text.USART2_IRQHandler
                0x08006834       0x14 CMakeFiles/falconDrone.dir/Core/Src/stm32f4xx_it.c.obj
                0x08006834                USART2_IRQHandler
 .text.DMA1_Stream7_IRQHandler
                0x08006848       0x14 CMakeFiles/falconDrone.dir/Core/Src/stm32f4xx_it.c.obj
                0x08006848                DMA1_Stream7_IRQHandler
 .text.HAL_MspInit
                0x0800685c       0x58 CMakeFiles/falconDrone.dir/Core/Src/stm32f4xx_hal_msp.c.obj
                0x0800685c                HAL_MspInit
 .text.HAL_InitTick
                0x080068b4       0xe8 CMakeFiles/falconDrone.dir/Core/Src/stm32f4xx_hal_timebase_tim.c.obj
                0x080068b4                HAL_InitTick
 .text._sbrk    0x0800699c       0x6c CMakeFiles/falconDrone.dir/Core/Src/sysmem.c.obj
                0x0800699c                _sbrk
 .text._getpid  0x08006a08       0x10 CMakeFiles/falconDrone.dir/Core/Src/syscalls.c.obj
                0x08006a08                _getpid
 .text._kill    0x08006a18       0x20 CMakeFiles/falconDrone.dir/Core/Src/syscalls.c.obj
                0x08006a18                _kill
 .text._exit    0x08006a38       0x16 CMakeFiles/falconDrone.dir/Core/Src/syscalls.c.obj
                0x08006a38                _exit
 .text._read    0x08006a4e       0x3a CMakeFiles/falconDrone.dir/Core/Src/syscalls.c.obj
                0x08006a4e                _read
 .text._close   0x08006a88       0x18 CMakeFiles/falconDrone.dir/Core/Src/syscalls.c.obj
                0x08006a88                _close
 .text._fstat   0x08006aa0       0x20 CMakeFiles/falconDrone.dir/Core/Src/syscalls.c.obj
                0x08006aa0                _fstat
 .text._isatty  0x08006ac0       0x16 CMakeFiles/falconDrone.dir/Core/Src/syscalls.c.obj
                0x08006ac0                _isatty
 .text._lseek   0x08006ad6       0x1a CMakeFiles/falconDrone.dir/Core/Src/syscalls.c.obj
                0x08006ad6                _lseek
 .text.Reset_Handler
                0x08006af0       0x50 CMakeFiles/falconDrone.dir/startup_stm32f446xx.s.obj
                0x08006af0                Reset_Handler
 .text.Default_Handler
                0x08006b40        0x2 CMakeFiles/falconDrone.dir/startup_stm32f446xx.s.obj
                0x08006b40                RTC_Alarm_IRQHandler
                0x08006b40                EXTI2_IRQHandler
                0x08006b40                TIM8_CC_IRQHandler
                0x08006b40                FMPI2C1_EV_IRQHandler
                0x08006b40                SPI4_IRQHandler
                0x08006b40                TIM1_CC_IRQHandler
                0x08006b40                DMA2_Stream5_IRQHandler
                0x08006b40                DMA1_Stream5_IRQHandler
                0x08006b40                PVD_IRQHandler
                0x08006b40                SDIO_IRQHandler
                0x08006b40                TAMP_STAMP_IRQHandler
                0x08006b40                CAN2_RX1_IRQHandler
                0x08006b40                EXTI3_IRQHandler
                0x08006b40                TIM8_TRG_COM_TIM14_IRQHandler
                0x08006b40                TIM8_UP_TIM13_IRQHandler
                0x08006b40                I2C3_ER_IRQHandler
                0x08006b40                EXTI0_IRQHandler
                0x08006b40                I2C2_EV_IRQHandler
                0x08006b40                DMA1_Stream2_IRQHandler
                0x08006b40                CAN1_RX0_IRQHandler
                0x08006b40                FPU_IRQHandler
                0x08006b40                OTG_HS_WKUP_IRQHandler
                0x08006b40                CAN2_SCE_IRQHandler
                0x08006b40                DMA2_Stream2_IRQHandler
                0x08006b40                SPI1_IRQHandler
                0x08006b40                TIM6_DAC_IRQHandler
                0x08006b40                TIM1_BRK_TIM9_IRQHandler
                0x08006b40                DCMI_IRQHandler
                0x08006b40                CAN2_RX0_IRQHandler
                0x08006b40                DMA2_Stream3_IRQHandler
                0x08006b40                SAI2_IRQHandler
                0x08006b40                USART6_IRQHandler
                0x08006b40                USART3_IRQHandler
                0x08006b40                CAN1_RX1_IRQHandler
                0x08006b40                UART5_IRQHandler
                0x08006b40                DMA2_Stream0_IRQHandler
                0x08006b40                TIM4_IRQHandler
                0x08006b40                QUADSPI_IRQHandler
                0x08006b40                DMA1_Stream1_IRQHandler
                0x08006b40                UART4_IRQHandler
                0x08006b40                RCC_IRQHandler
                0x08006b40                TIM8_BRK_TIM12_IRQHandler
                0x08006b40                Default_Handler
                0x08006b40                CEC_IRQHandler
                0x08006b40                EXTI15_10_IRQHandler
                0x08006b40                ADC_IRQHandler
                0x08006b40                TIM7_IRQHandler
                0x08006b40                CAN2_TX_IRQHandler
                0x08006b40                TIM5_IRQHandler
                0x08006b40                DMA2_Stream7_IRQHandler
                0x08006b40                I2C3_EV_IRQHandler
                0x08006b40                EXTI9_5_IRQHandler
                0x08006b40                RTC_WKUP_IRQHandler
                0x08006b40                SPDIF_RX_IRQHandler
                0x08006b40                SPI2_IRQHandler
                0x08006b40                OTG_HS_EP1_IN_IRQHandler
                0x08006b40                CAN1_TX_IRQHandler
                0x08006b40                FMPI2C1_ER_IRQHandler
                0x08006b40                EXTI4_IRQHandler
                0x08006b40                OTG_HS_EP1_OUT_IRQHandler
                0x08006b40                WWDG_IRQHandler
                0x08006b40                OTG_FS_WKUP_IRQHandler
                0x08006b40                TIM1_TRG_COM_TIM11_IRQHandler
                0x08006b40                OTG_HS_IRQHandler
                0x08006b40                EXTI1_IRQHandler
                0x08006b40                I2C2_ER_IRQHandler
                0x08006b40                DMA2_Stream1_IRQHandler
                0x08006b40                CAN1_SCE_IRQHandler
                0x08006b40                FLASH_IRQHandler
                0x08006b40                DMA2_Stream4_IRQHandler
                0x08006b40                USART1_IRQHandler
                0x08006b40                OTG_FS_IRQHandler
                0x08006b40                SPI3_IRQHandler
                0x08006b40                DMA1_Stream4_IRQHandler
                0x08006b40                FMC_IRQHandler
                0x08006b40                DMA2_Stream6_IRQHandler
                0x08006b40                SAI1_IRQHandler
                0x08006b40                DMA1_Stream3_IRQHandler
 *fill*         0x08006b42        0x2 
 .text.imuInit  0x08006b44       0x38 CMakeFiles/falconDrone.dir/Core/Src/cpp_adapter.cpp.obj
                0x08006b44                imuInit
 .text.imuTick  0x08006b7c       0x80 CMakeFiles/falconDrone.dir/Core/Src/cpp_adapter.cpp.obj
                0x08006b7c                imuTick
 .text._Z41__static_initialization_and_destruction_0v
                0x08006bfc       0x24 CMakeFiles/falconDrone.dir/Core/Src/cpp_adapter.cpp.obj
 .text._GLOBAL__sub_I_imuInit
                0x08006c20        0xa CMakeFiles/falconDrone.dir/Core/Src/cpp_adapter.cpp.obj
 .text._ZN7MPU6050C2EP17I2C_HandleTypeDefPv
                0x08006c2a       0x62 CMakeFiles/falconDrone.dir/Core/Src/MPU6050.cpp.obj
                0x08006c2a                MPU6050::MPU6050(I2C_HandleTypeDef*, void*)
                0x08006c2a                MPU6050::MPU6050(I2C_HandleTypeDef*, void*)
 .text._ZN7MPU60504InitEv
                0x08006c8c       0x3c CMakeFiles/falconDrone.dir/Core/Src/MPU6050.cpp.obj
                0x08006c8c                MPU6050::Init()
 .text._ZN7MPU605014StartUpdateDMAEv
                0x08006cc8       0x60 CMakeFiles/falconDrone.dir/Core/Src/MPU6050.cpp.obj
                0x08006cc8                MPU6050::StartUpdateDMA()
 .text._ZN7MPU605011ProcessDataEv
                0x08006d28      0x2b0 CMakeFiles/falconDrone.dir/Core/Src/MPU6050.cpp.obj
                0x08006d28                MPU6050::ProcessData()
 .text.SystemInit
                0x08006fd8       0x24 cmake/stm32cubemx/CMakeFiles/STM32_Drivers.dir/__/__/Core/Src/system_stm32f4xx.c.obj
                0x08006fd8                SystemInit
 .text.HAL_TIM_Base_Init
                0x08006ffc       0x9e cmake/stm32cubemx/CMakeFiles/STM32_Drivers.dir/__/__/Drivers/STM32F4xx_HAL_Driver/Src/stm32f4xx_hal_tim.c.obj
                0x08006ffc                HAL_TIM_Base_Init
 *fill*         0x0800709a        0x2 
 .text.HAL_TIM_Base_Start_IT
                0x0800709c       0xe0 cmake/stm32cubemx/CMakeFiles/STM32_Drivers.dir/__/__/Drivers/STM32F4xx_HAL_Driver/Src/stm32f4xx_hal_tim.c.obj
                0x0800709c                HAL_TIM_Base_Start_IT
 .text.HAL_TIM_PWM_Init
                0x0800717c       0x9e cmake/stm32cubemx/CMakeFiles/STM32_Drivers.dir/__/__/Drivers/STM32F4xx_HAL_Driver/Src/stm32f4xx_hal_tim.c.obj
                0x0800717c                HAL_TIM_PWM_Init
 .text.HAL_TIM_PWM_MspInit
                0x0800721a       0x14 cmake/stm32cubemx/CMakeFiles/STM32_Drivers.dir/__/__/Drivers/STM32F4xx_HAL_Driver/Src/stm32f4xx_hal_tim.c.obj
                0x0800721a                HAL_TIM_PWM_MspInit
 .text.HAL_TIM_IRQHandler
                0x0800722e      0x1e0 cmake/stm32cubemx/CMakeFiles/STM32_Drivers.dir/__/__/Drivers/STM32F4xx_HAL_Driver/Src/stm32f4xx_hal_tim.c.obj
                0x0800722e                HAL_TIM_IRQHandler
 *fill*         0x0800740e        0x2 
 .text.HAL_TIM_PWM_ConfigChannel
                0x08007410      0x184 cmake/stm32cubemx/CMakeFiles/STM32_Drivers.dir/__/__/Drivers/STM32F4xx_HAL_Driver/Src/stm32f4xx_hal_tim.c.obj
                0x08007410                HAL_TIM_PWM_ConfigChannel
 .text.HAL_TIM_ConfigClockSource
                0x08007594      0x18e cmake/stm32cubemx/CMakeFiles/STM32_Drivers.dir/__/__/Drivers/STM32F4xx_HAL_Driver/Src/stm32f4xx_hal_tim.c.obj
                0x08007594                HAL_TIM_ConfigClockSource
 .text.HAL_TIM_OC_DelayElapsedCallback
                0x08007722       0x14 cmake/stm32cubemx/CMakeFiles/STM32_Drivers.dir/__/__/Drivers/STM32F4xx_HAL_Driver/Src/stm32f4xx_hal_tim.c.obj
                0x08007722                HAL_TIM_OC_DelayElapsedCallback
 .text.HAL_TIM_IC_CaptureCallback
                0x08007736       0x14 cmake/stm32cubemx/CMakeFiles/STM32_Drivers.dir/__/__/Drivers/STM32F4xx_HAL_Driver/Src/stm32f4xx_hal_tim.c.obj
                0x08007736                HAL_TIM_IC_CaptureCallback
 .text.HAL_TIM_PWM_PulseFinishedCallback
                0x0800774a       0x14 cmake/stm32cubemx/CMakeFiles/STM32_Drivers.dir/__/__/Drivers/STM32F4xx_HAL_Driver/Src/stm32f4xx_hal_tim.c.obj
                0x0800774a                HAL_TIM_PWM_PulseFinishedCallback
 .text.HAL_TIM_TriggerCallback
                0x0800775e       0x14 cmake/stm32cubemx/CMakeFiles/STM32_Drivers.dir/__/__/Drivers/STM32F4xx_HAL_Driver/Src/stm32f4xx_hal_tim.c.obj
                0x0800775e                HAL_TIM_TriggerCallback
 *fill*         0x08007772        0x2 
 .text.TIM_Base_SetConfig
                0x08007774      0x14c cmake/stm32cubemx/CMakeFiles/STM32_Drivers.dir/__/__/Drivers/STM32F4xx_HAL_Driver/Src/stm32f4xx_hal_tim.c.obj
                0x08007774                TIM_Base_SetConfig
 .text.TIM_OC1_SetConfig
                0x080078c0       0xe0 cmake/stm32cubemx/CMakeFiles/STM32_Drivers.dir/__/__/Drivers/STM32F4xx_HAL_Driver/Src/stm32f4xx_hal_tim.c.obj
 .text.TIM_OC2_SetConfig
                0x080079a0       0xec cmake/stm32cubemx/CMakeFiles/STM32_Drivers.dir/__/__/Drivers/STM32F4xx_HAL_Driver/Src/stm32f4xx_hal_tim.c.obj
                0x080079a0                TIM_OC2_SetConfig
 .text.TIM_OC3_SetConfig
                0x08007a8c       0xe8 cmake/stm32cubemx/CMakeFiles/STM32_Drivers.dir/__/__/Drivers/STM32F4xx_HAL_Driver/Src/stm32f4xx_hal_tim.c.obj
 .text.TIM_OC4_SetConfig
                0x08007b74       0xac cmake/stm32cubemx/CMakeFiles/STM32_Drivers.dir/__/__/Drivers/STM32F4xx_HAL_Driver/Src/stm32f4xx_hal_tim.c.obj
 .text.TIM_TI1_ConfigInputStage
                0x08007c20       0x5e cmake/stm32cubemx/CMakeFiles/STM32_Drivers.dir/__/__/Drivers/STM32F4xx_HAL_Driver/Src/stm32f4xx_hal_tim.c.obj
 .text.TIM_TI2_ConfigInputStage
                0x08007c7e       0x60 cmake/stm32cubemx/CMakeFiles/STM32_Drivers.dir/__/__/Drivers/STM32F4xx_HAL_Driver/Src/stm32f4xx_hal_tim.c.obj
 .text.TIM_ITRx_SetConfig
                0x08007cde       0x36 cmake/stm32cubemx/CMakeFiles/STM32_Drivers.dir/__/__/Drivers/STM32F4xx_HAL_Driver/Src/stm32f4xx_hal_tim.c.obj
 .text.TIM_ETR_SetConfig
                0x08007d14       0x40 cmake/stm32cubemx/CMakeFiles/STM32_Drivers.dir/__/__/Drivers/STM32F4xx_HAL_Driver/Src/stm32f4xx_hal_tim.c.obj
                0x08007d14                TIM_ETR_SetConfig
 .text.HAL_TIMEx_MasterConfigSynchronization
                0x08007d54       0xf8 cmake/stm32cubemx/CMakeFiles/STM32_Drivers.dir/__/__/Drivers/STM32F4xx_HAL_Driver/Src/stm32f4xx_hal_tim_ex.c.obj
                0x08007d54                HAL_TIMEx_MasterConfigSynchronization
 .text.HAL_TIMEx_CommutCallback
                0x08007e4c       0x14 cmake/stm32cubemx/CMakeFiles/STM32_Drivers.dir/__/__/Drivers/STM32F4xx_HAL_Driver/Src/stm32f4xx_hal_tim_ex.c.obj
                0x08007e4c                HAL_TIMEx_CommutCallback
 .text.HAL_TIMEx_BreakCallback
                0x08007e60       0x14 cmake/stm32cubemx/CMakeFiles/STM32_Drivers.dir/__/__/Drivers/STM32F4xx_HAL_Driver/Src/stm32f4xx_hal_tim_ex.c.obj
                0x08007e60                HAL_TIMEx_BreakCallback
 .text.HAL_RCC_ClockConfig
                0x08007e74      0x1cc cmake/stm32cubemx/CMakeFiles/STM32_Drivers.dir/__/__/Drivers/STM32F4xx_HAL_Driver/Src/stm32f4xx_hal_rcc.c.obj
                0x08007e74                HAL_RCC_ClockConfig
 .text.HAL_RCC_GetHCLKFreq
                0x08008040       0x18 cmake/stm32cubemx/CMakeFiles/STM32_Drivers.dir/__/__/Drivers/STM32F4xx_HAL_Driver/Src/stm32f4xx_hal_rcc.c.obj
                0x08008040                HAL_RCC_GetHCLKFreq
 .text.HAL_RCC_GetPCLK1Freq
                0x08008058       0x28 cmake/stm32cubemx/CMakeFiles/STM32_Drivers.dir/__/__/Drivers/STM32F4xx_HAL_Driver/Src/stm32f4xx_hal_rcc.c.obj
                0x08008058                HAL_RCC_GetPCLK1Freq
 .text.HAL_RCC_GetPCLK2Freq
                0x08008080       0x28 cmake/stm32cubemx/CMakeFiles/STM32_Drivers.dir/__/__/Drivers/STM32F4xx_HAL_Driver/Src/stm32f4xx_hal_rcc.c.obj
                0x08008080                HAL_RCC_GetPCLK2Freq
 .text.HAL_RCC_GetClockConfig
                0x080080a8       0x64 cmake/stm32cubemx/CMakeFiles/STM32_Drivers.dir/__/__/Drivers/STM32F4xx_HAL_Driver/Src/stm32f4xx_hal_rcc.c.obj
                0x080080a8                HAL_RCC_GetClockConfig
 .text.HAL_RCC_GetSysClockFreq
                0x0800810c      0x460 cmake/stm32cubemx/CMakeFiles/STM32_Drivers.dir/__/__/Drivers/STM32F4xx_HAL_Driver/Src/stm32f4xx_hal_rcc_ex.c.obj
                0x0800810c                HAL_RCC_GetSysClockFreq
 .text.HAL_RCC_OscConfig
                0x0800856c      0x53c cmake/stm32cubemx/CMakeFiles/STM32_Drivers.dir/__/__/Drivers/STM32F4xx_HAL_Driver/Src/stm32f4xx_hal_rcc_ex.c.obj
                0x0800856c                HAL_RCC_OscConfig
 .text.HAL_GPIO_Init
                0x08008aa8      0x328 cmake/stm32cubemx/CMakeFiles/STM32_Drivers.dir/__/__/Drivers/STM32F4xx_HAL_Driver/Src/stm32f4xx_hal_gpio.c.obj
                0x08008aa8                HAL_GPIO_Init
 .text.HAL_GPIO_WritePin
                0x08008dd0       0x32 cmake/stm32cubemx/CMakeFiles/STM32_Drivers.dir/__/__/Drivers/STM32F4xx_HAL_Driver/Src/stm32f4xx_hal_gpio.c.obj
                0x08008dd0                HAL_GPIO_WritePin
 .text.HAL_GPIO_TogglePin
                0x08008e02       0x34 cmake/stm32cubemx/CMakeFiles/STM32_Drivers.dir/__/__/Drivers/STM32F4xx_HAL_Driver/Src/stm32f4xx_hal_gpio.c.obj
                0x08008e02                HAL_GPIO_TogglePin
 *fill*         0x08008e36        0x2 
 .text.HAL_DMA_Init
                0x08008e38      0x15c cmake/stm32cubemx/CMakeFiles/STM32_Drivers.dir/__/__/Drivers/STM32F4xx_HAL_Driver/Src/stm32f4xx_hal_dma.c.obj
                0x08008e38                HAL_DMA_Init
 .text.HAL_DMA_Start_IT
                0x08008f94       0xb0 cmake/stm32cubemx/CMakeFiles/STM32_Drivers.dir/__/__/Drivers/STM32F4xx_HAL_Driver/Src/stm32f4xx_hal_dma.c.obj
                0x08008f94                HAL_DMA_Start_IT
 .text.HAL_DMA_Abort
                0x08009044       0xe0 cmake/stm32cubemx/CMakeFiles/STM32_Drivers.dir/__/__/Drivers/STM32F4xx_HAL_Driver/Src/stm32f4xx_hal_dma.c.obj
                0x08009044                HAL_DMA_Abort
 .text.HAL_DMA_Abort_IT
                0x08009124       0x44 cmake/stm32cubemx/CMakeFiles/STM32_Drivers.dir/__/__/Drivers/STM32F4xx_HAL_Driver/Src/stm32f4xx_hal_dma.c.obj
                0x08009124                HAL_DMA_Abort_IT
 .text.HAL_DMA_IRQHandler
                0x08009168      0x314 cmake/stm32cubemx/CMakeFiles/STM32_Drivers.dir/__/__/Drivers/STM32F4xx_HAL_Driver/Src/stm32f4xx_hal_dma.c.obj
                0x08009168                HAL_DMA_IRQHandler
 .text.HAL_DMA_GetState
                0x0800947c       0x1c cmake/stm32cubemx/CMakeFiles/STM32_Drivers.dir/__/__/Drivers/STM32F4xx_HAL_Driver/Src/stm32f4xx_hal_dma.c.obj
                0x0800947c                HAL_DMA_GetState
 .text.HAL_DMA_GetError
                0x08009498       0x18 cmake/stm32cubemx/CMakeFiles/STM32_Drivers.dir/__/__/Drivers/STM32F4xx_HAL_Driver/Src/stm32f4xx_hal_dma.c.obj
                0x08009498                HAL_DMA_GetError
 .text.DMA_SetConfig
                0x080094b0       0x5c cmake/stm32cubemx/CMakeFiles/STM32_Drivers.dir/__/__/Drivers/STM32F4xx_HAL_Driver/Src/stm32f4xx_hal_dma.c.obj
 .text.DMA_CalcBaseAndBitshift
                0x0800950c       0x6c cmake/stm32cubemx/CMakeFiles/STM32_Drivers.dir/__/__/Drivers/STM32F4xx_HAL_Driver/Src/stm32f4xx_hal_dma.c.obj
 .text.DMA_CheckFifoParam
                0x08009578       0xf8 cmake/stm32cubemx/CMakeFiles/STM32_Drivers.dir/__/__/Drivers/STM32F4xx_HAL_Driver/Src/stm32f4xx_hal_dma.c.obj
 .text.HAL_PWREx_EnableOverDrive
                0x08009670       0xa0 cmake/stm32cubemx/CMakeFiles/STM32_Drivers.dir/__/__/Drivers/STM32F4xx_HAL_Driver/Src/stm32f4xx_hal_pwr_ex.c.obj
                0x08009670                HAL_PWREx_EnableOverDrive
 .text.__NVIC_SetPriorityGrouping
                0x08009710       0x48 cmake/stm32cubemx/CMakeFiles/STM32_Drivers.dir/__/__/Drivers/STM32F4xx_HAL_Driver/Src/stm32f4xx_hal_cortex.c.obj
 .text.__NVIC_GetPriorityGrouping
                0x08009758       0x1c cmake/stm32cubemx/CMakeFiles/STM32_Drivers.dir/__/__/Drivers/STM32F4xx_HAL_Driver/Src/stm32f4xx_hal_cortex.c.obj
 .text.__NVIC_EnableIRQ
                0x08009774       0x3c cmake/stm32cubemx/CMakeFiles/STM32_Drivers.dir/__/__/Drivers/STM32F4xx_HAL_Driver/Src/stm32f4xx_hal_cortex.c.obj
 .text.__NVIC_SetPriority
                0x080097b0       0x54 cmake/stm32cubemx/CMakeFiles/STM32_Drivers.dir/__/__/Drivers/STM32F4xx_HAL_Driver/Src/stm32f4xx_hal_cortex.c.obj
 .text.NVIC_EncodePriority
                0x08009804       0x66 cmake/stm32cubemx/CMakeFiles/STM32_Drivers.dir/__/__/Drivers/STM32F4xx_HAL_Driver/Src/stm32f4xx_hal_cortex.c.obj
 .text.HAL_NVIC_SetPriorityGrouping
                0x0800986a       0x16 cmake/stm32cubemx/CMakeFiles/STM32_Drivers.dir/__/__/Drivers/STM32F4xx_HAL_Driver/Src/stm32f4xx_hal_cortex.c.obj
                0x0800986a                HAL_NVIC_SetPriorityGrouping
 .text.HAL_NVIC_SetPriority
                0x08009880       0x38 cmake/stm32cubemx/CMakeFiles/STM32_Drivers.dir/__/__/Drivers/STM32F4xx_HAL_Driver/Src/stm32f4xx_hal_cortex.c.obj
                0x08009880                HAL_NVIC_SetPriority
 .text.HAL_NVIC_EnableIRQ
                0x080098b8       0x1c cmake/stm32cubemx/CMakeFiles/STM32_Drivers.dir/__/__/Drivers/STM32F4xx_HAL_Driver/Src/stm32f4xx_hal_cortex.c.obj
                0x080098b8                HAL_NVIC_EnableIRQ
 .text.HAL_Init
                0x080098d4       0x44 cmake/stm32cubemx/CMakeFiles/STM32_Drivers.dir/__/__/Drivers/STM32F4xx_HAL_Driver/Src/stm32f4xx_hal.c.obj
                0x080098d4                HAL_Init
 .text.HAL_IncTick
                0x08009918       0x28 cmake/stm32cubemx/CMakeFiles/STM32_Drivers.dir/__/__/Drivers/STM32F4xx_HAL_Driver/Src/stm32f4xx_hal.c.obj
                0x08009918                HAL_IncTick
 .text.HAL_GetTick
                0x08009940       0x18 cmake/stm32cubemx/CMakeFiles/STM32_Drivers.dir/__/__/Drivers/STM32F4xx_HAL_Driver/Src/stm32f4xx_hal.c.obj
                0x08009940                HAL_GetTick
 .text.HAL_Delay
                0x08009958       0x48 cmake/stm32cubemx/CMakeFiles/STM32_Drivers.dir/__/__/Drivers/STM32F4xx_HAL_Driver/Src/stm32f4xx_hal.c.obj
                0x08009958                HAL_Delay
 .text.HAL_I2C_Init
                0x080099a0      0x288 cmake/stm32cubemx/CMakeFiles/STM32_Drivers.dir/__/__/Drivers/STM32F4xx_HAL_Driver/Src/stm32f4xx_hal_i2c.c.obj
                0x080099a0                HAL_I2C_Init
 .text.I2C_Flush_DR
                0x08009c28       0x2a cmake/stm32cubemx/CMakeFiles/STM32_Drivers.dir/__/__/Drivers/STM32F4xx_HAL_Driver/Src/stm32f4xx_hal_i2c.c.obj
 *fill*         0x08009c52        0x2 
 .text.HAL_I2C_Mem_Write
                0x08009c54      0x1f4 cmake/stm32cubemx/CMakeFiles/STM32_Drivers.dir/__/__/Drivers/STM32F4xx_HAL_Driver/Src/stm32f4xx_hal_i2c.c.obj
                0x08009c54                HAL_I2C_Mem_Write
 .text.HAL_I2C_Mem_Read_DMA
                0x08009e48      0x320 cmake/stm32cubemx/CMakeFiles/STM32_Drivers.dir/__/__/Drivers/STM32F4xx_HAL_Driver/Src/stm32f4xx_hal_i2c.c.obj
                0x08009e48                HAL_I2C_Mem_Read_DMA
 .text.HAL_I2C_EV_IRQHandler
                0x0800a168      0x2e2 cmake/stm32cubemx/CMakeFiles/STM32_Drivers.dir/__/__/Drivers/STM32F4xx_HAL_Driver/Src/stm32f4xx_hal_i2c.c.obj
                0x0800a168                HAL_I2C_EV_IRQHandler
 .text.HAL_I2C_ER_IRQHandler
                0x0800a44a      0x14e cmake/stm32cubemx/CMakeFiles/STM32_Drivers.dir/__/__/Drivers/STM32F4xx_HAL_Driver/Src/stm32f4xx_hal_i2c.c.obj
                0x0800a44a                HAL_I2C_ER_IRQHandler
 .text.HAL_I2C_MasterTxCpltCallback
                0x0800a598       0x14 cmake/stm32cubemx/CMakeFiles/STM32_Drivers.dir/__/__/Drivers/STM32F4xx_HAL_Driver/Src/stm32f4xx_hal_i2c.c.obj
                0x0800a598                HAL_I2C_MasterTxCpltCallback
 .text.HAL_I2C_MasterRxCpltCallback
                0x0800a5ac       0x14 cmake/stm32cubemx/CMakeFiles/STM32_Drivers.dir/__/__/Drivers/STM32F4xx_HAL_Driver/Src/stm32f4xx_hal_i2c.c.obj
                0x0800a5ac                HAL_I2C_MasterRxCpltCallback
 .text.HAL_I2C_SlaveTxCpltCallback
                0x0800a5c0       0x14 cmake/stm32cubemx/CMakeFiles/STM32_Drivers.dir/__/__/Drivers/STM32F4xx_HAL_Driver/Src/stm32f4xx_hal_i2c.c.obj
                0x0800a5c0                HAL_I2C_SlaveTxCpltCallback
 .text.HAL_I2C_SlaveRxCpltCallback
                0x0800a5d4       0x14 cmake/stm32cubemx/CMakeFiles/STM32_Drivers.dir/__/__/Drivers/STM32F4xx_HAL_Driver/Src/stm32f4xx_hal_i2c.c.obj
                0x0800a5d4                HAL_I2C_SlaveRxCpltCallback
 .text.HAL_I2C_AddrCallback
                0x0800a5e8       0x1c cmake/stm32cubemx/CMakeFiles/STM32_Drivers.dir/__/__/Drivers/STM32F4xx_HAL_Driver/Src/stm32f4xx_hal_i2c.c.obj
                0x0800a5e8                HAL_I2C_AddrCallback
 .text.HAL_I2C_ListenCpltCallback
                0x0800a604       0x14 cmake/stm32cubemx/CMakeFiles/STM32_Drivers.dir/__/__/Drivers/STM32F4xx_HAL_Driver/Src/stm32f4xx_hal_i2c.c.obj
                0x0800a604                HAL_I2C_ListenCpltCallback
 .text.HAL_I2C_MemTxCpltCallback
                0x0800a618       0x14 cmake/stm32cubemx/CMakeFiles/STM32_Drivers.dir/__/__/Drivers/STM32F4xx_HAL_Driver/Src/stm32f4xx_hal_i2c.c.obj
                0x0800a618                HAL_I2C_MemTxCpltCallback
 .text.HAL_I2C_AbortCpltCallback
                0x0800a62c       0x14 cmake/stm32cubemx/CMakeFiles/STM32_Drivers.dir/__/__/Drivers/STM32F4xx_HAL_Driver/Src/stm32f4xx_hal_i2c.c.obj
                0x0800a62c                HAL_I2C_AbortCpltCallback
 .text.HAL_I2C_GetState
                0x0800a640       0x1c cmake/stm32cubemx/CMakeFiles/STM32_Drivers.dir/__/__/Drivers/STM32F4xx_HAL_Driver/Src/stm32f4xx_hal_i2c.c.obj
                0x0800a640                HAL_I2C_GetState
 .text.I2C_MasterTransmit_TXE
                0x0800a65c      0x138 cmake/stm32cubemx/CMakeFiles/STM32_Drivers.dir/__/__/Drivers/STM32F4xx_HAL_Driver/Src/stm32f4xx_hal_i2c.c.obj
 .text.I2C_MasterTransmit_BTF
                0x0800a794       0xec cmake/stm32cubemx/CMakeFiles/STM32_Drivers.dir/__/__/Drivers/STM32F4xx_HAL_Driver/Src/stm32f4xx_hal_i2c.c.obj
 .text.I2C_MemoryTransmit_TXE_BTF
                0x0800a880      0x130 cmake/stm32cubemx/CMakeFiles/STM32_Drivers.dir/__/__/Drivers/STM32F4xx_HAL_Driver/Src/stm32f4xx_hal_i2c.c.obj
 .text.I2C_MasterReceive_RXNE
                0x0800a9b0      0x190 cmake/stm32cubemx/CMakeFiles/STM32_Drivers.dir/__/__/Drivers/STM32F4xx_HAL_Driver/Src/stm32f4xx_hal_i2c.c.obj
 .text.I2C_MasterReceive_BTF
                0x0800ab40      0x1e2 cmake/stm32cubemx/CMakeFiles/STM32_Drivers.dir/__/__/Drivers/STM32F4xx_HAL_Driver/Src/stm32f4xx_hal_i2c.c.obj
 .text.I2C_Master_SB
                0x0800ad22      0x10c cmake/stm32cubemx/CMakeFiles/STM32_Drivers.dir/__/__/Drivers/STM32F4xx_HAL_Driver/Src/stm32f4xx_hal_i2c.c.obj
 .text.I2C_Master_ADD10
                0x0800ae2e       0x54 cmake/stm32cubemx/CMakeFiles/STM32_Drivers.dir/__/__/Drivers/STM32F4xx_HAL_Driver/Src/stm32f4xx_hal_i2c.c.obj
 .text.I2C_Master_ADDR
                0x0800ae82      0x322 cmake/stm32cubemx/CMakeFiles/STM32_Drivers.dir/__/__/Drivers/STM32F4xx_HAL_Driver/Src/stm32f4xx_hal_i2c.c.obj
 .text.I2C_SlaveTransmit_TXE
                0x0800b1a4       0x7a cmake/stm32cubemx/CMakeFiles/STM32_Drivers.dir/__/__/Drivers/STM32F4xx_HAL_Driver/Src/stm32f4xx_hal_i2c.c.obj
 .text.I2C_SlaveTransmit_BTF
                0x0800b21e       0x42 cmake/stm32cubemx/CMakeFiles/STM32_Drivers.dir/__/__/Drivers/STM32F4xx_HAL_Driver/Src/stm32f4xx_hal_i2c.c.obj
 .text.I2C_SlaveReceive_RXNE
                0x0800b260       0x7c cmake/stm32cubemx/CMakeFiles/STM32_Drivers.dir/__/__/Drivers/STM32F4xx_HAL_Driver/Src/stm32f4xx_hal_i2c.c.obj
 .text.I2C_SlaveReceive_BTF
                0x0800b2dc       0x44 cmake/stm32cubemx/CMakeFiles/STM32_Drivers.dir/__/__/Drivers/STM32F4xx_HAL_Driver/Src/stm32f4xx_hal_i2c.c.obj
 .text.I2C_Slave_ADDR
                0x0800b320       0x94 cmake/stm32cubemx/CMakeFiles/STM32_Drivers.dir/__/__/Drivers/STM32F4xx_HAL_Driver/Src/stm32f4xx_hal_i2c.c.obj
 .text.I2C_Slave_STOPF
                0x0800b3b4      0x260 cmake/stm32cubemx/CMakeFiles/STM32_Drivers.dir/__/__/Drivers/STM32F4xx_HAL_Driver/Src/stm32f4xx_hal_i2c.c.obj
 .text.I2C_Slave_AF
                0x0800b614       0xe8 cmake/stm32cubemx/CMakeFiles/STM32_Drivers.dir/__/__/Drivers/STM32F4xx_HAL_Driver/Src/stm32f4xx_hal_i2c.c.obj
 .text.I2C_ITError
                0x0800b6fc      0x264 cmake/stm32cubemx/CMakeFiles/STM32_Drivers.dir/__/__/Drivers/STM32F4xx_HAL_Driver/Src/stm32f4xx_hal_i2c.c.obj
 .text.I2C_RequestMemoryWrite
                0x0800b960      0x12c cmake/stm32cubemx/CMakeFiles/STM32_Drivers.dir/__/__/Drivers/STM32F4xx_HAL_Driver/Src/stm32f4xx_hal_i2c.c.obj
 .text.I2C_RequestMemoryRead
                0x0800ba8c      0x1d0 cmake/stm32cubemx/CMakeFiles/STM32_Drivers.dir/__/__/Drivers/STM32F4xx_HAL_Driver/Src/stm32f4xx_hal_i2c.c.obj
 .text.I2C_DMAXferCplt
                0x0800bc5c      0x1be cmake/stm32cubemx/CMakeFiles/STM32_Drivers.dir/__/__/Drivers/STM32F4xx_HAL_Driver/Src/stm32f4xx_hal_i2c.c.obj
 .text.I2C_DMAError
                0x0800be1a       0x7a cmake/stm32cubemx/CMakeFiles/STM32_Drivers.dir/__/__/Drivers/STM32F4xx_HAL_Driver/Src/stm32f4xx_hal_i2c.c.obj
 .text.I2C_DMAAbort
                0x0800be94      0x150 cmake/stm32cubemx/CMakeFiles/STM32_Drivers.dir/__/__/Drivers/STM32F4xx_HAL_Driver/Src/stm32f4xx_hal_i2c.c.obj
 .text.I2C_WaitOnFlagUntilTimeout
                0x0800bfe4       0xf4 cmake/stm32cubemx/CMakeFiles/STM32_Drivers.dir/__/__/Drivers/STM32F4xx_HAL_Driver/Src/stm32f4xx_hal_i2c.c.obj
 .text.I2C_WaitOnMasterAddressFlagUntilTimeout
                0x0800c0d8      0x140 cmake/stm32cubemx/CMakeFiles/STM32_Drivers.dir/__/__/Drivers/STM32F4xx_HAL_Driver/Src/stm32f4xx_hal_i2c.c.obj
 .text.I2C_WaitOnTXEFlagUntilTimeout
                0x0800c218       0x90 cmake/stm32cubemx/CMakeFiles/STM32_Drivers.dir/__/__/Drivers/STM32F4xx_HAL_Driver/Src/stm32f4xx_hal_i2c.c.obj
 .text.I2C_WaitOnBTFFlagUntilTimeout
                0x0800c2a8       0x90 cmake/stm32cubemx/CMakeFiles/STM32_Drivers.dir/__/__/Drivers/STM32F4xx_HAL_Driver/Src/stm32f4xx_hal_i2c.c.obj
 .text.I2C_WaitOnSTOPRequestThroughIT
                0x0800c338       0x64 cmake/stm32cubemx/CMakeFiles/STM32_Drivers.dir/__/__/Drivers/STM32F4xx_HAL_Driver/Src/stm32f4xx_hal_i2c.c.obj
 .text.I2C_IsAcknowledgeFailed
                0x0800c39c       0x5e cmake/stm32cubemx/CMakeFiles/STM32_Drivers.dir/__/__/Drivers/STM32F4xx_HAL_Driver/Src/stm32f4xx_hal_i2c.c.obj
 .text.I2C_ConvertOtherXferOptions
                0x0800c3fa       0x36 cmake/stm32cubemx/CMakeFiles/STM32_Drivers.dir/__/__/Drivers/STM32F4xx_HAL_Driver/Src/stm32f4xx_hal_i2c.c.obj
 .text.HAL_UART_Init
                0x0800c430       0xa0 cmake/stm32cubemx/CMakeFiles/STM32_Drivers.dir/__/__/Drivers/STM32F4xx_HAL_Driver/Src/stm32f4xx_hal_uart.c.obj
                0x0800c430                HAL_UART_Init
 .text.HAL_UART_Transmit
                0x0800c4d0      0x116 cmake/stm32cubemx/CMakeFiles/STM32_Drivers.dir/__/__/Drivers/STM32F4xx_HAL_Driver/Src/stm32f4xx_hal_uart.c.obj
                0x0800c4d0                HAL_UART_Transmit
 *fill*         0x0800c5e6        0x2 
 .text.HAL_UART_Transmit_DMA
                0x0800c5e8       0xf8 cmake/stm32cubemx/CMakeFiles/STM32_Drivers.dir/__/__/Drivers/STM32F4xx_HAL_Driver/Src/stm32f4xx_hal_uart.c.obj
                0x0800c5e8                HAL_UART_Transmit_DMA
 .text.HAL_UART_IRQHandler
                0x0800c6e0      0x554 cmake/stm32cubemx/CMakeFiles/STM32_Drivers.dir/__/__/Drivers/STM32F4xx_HAL_Driver/Src/stm32f4xx_hal_uart.c.obj
                0x0800c6e0                HAL_UART_IRQHandler
 .text.HAL_UART_TxHalfCpltCallback
                0x0800cc34       0x14 cmake/stm32cubemx/CMakeFiles/STM32_Drivers.dir/__/__/Drivers/STM32F4xx_HAL_Driver/Src/stm32f4xx_hal_uart.c.obj
                0x0800cc34                HAL_UART_TxHalfCpltCallback
 .text.HAL_UART_RxCpltCallback
                0x0800cc48       0x14 cmake/stm32cubemx/CMakeFiles/STM32_Drivers.dir/__/__/Drivers/STM32F4xx_HAL_Driver/Src/stm32f4xx_hal_uart.c.obj
                0x0800cc48                HAL_UART_RxCpltCallback
 .text.HAL_UART_ErrorCallback
                0x0800cc5c       0x14 cmake/stm32cubemx/CMakeFiles/STM32_Drivers.dir/__/__/Drivers/STM32F4xx_HAL_Driver/Src/stm32f4xx_hal_uart.c.obj
                0x0800cc5c                HAL_UART_ErrorCallback
 .text.HAL_UARTEx_RxEventCallback
                0x0800cc70       0x18 cmake/stm32cubemx/CMakeFiles/STM32_Drivers.dir/__/__/Drivers/STM32F4xx_HAL_Driver/Src/stm32f4xx_hal_uart.c.obj
                0x0800cc70                HAL_UARTEx_RxEventCallback
 .text.UART_DMATransmitCplt
                0x0800cc88       0x9a cmake/stm32cubemx/CMakeFiles/STM32_Drivers.dir/__/__/Drivers/STM32F4xx_HAL_Driver/Src/stm32f4xx_hal_uart.c.obj
 .text.UART_DMATxHalfCplt
                0x0800cd22       0x1c cmake/stm32cubemx/CMakeFiles/STM32_Drivers.dir/__/__/Drivers/STM32F4xx_HAL_Driver/Src/stm32f4xx_hal_uart.c.obj
 .text.UART_DMAError
                0x0800cd3e       0x94 cmake/stm32cubemx/CMakeFiles/STM32_Drivers.dir/__/__/Drivers/STM32F4xx_HAL_Driver/Src/stm32f4xx_hal_uart.c.obj
 .text.UART_WaitOnFlagUntilTimeout
                0x0800cdd2       0xb2 cmake/stm32cubemx/CMakeFiles/STM32_Drivers.dir/__/__/Drivers/STM32F4xx_HAL_Driver/Src/stm32f4xx_hal_uart.c.obj
 .text.UART_EndTxTransfer
                0x0800ce84       0x50 cmake/stm32cubemx/CMakeFiles/STM32_Drivers.dir/__/__/Drivers/STM32F4xx_HAL_Driver/Src/stm32f4xx_hal_uart.c.obj
 .text.UART_EndRxTransfer
                0x0800ced4       0xc6 cmake/stm32cubemx/CMakeFiles/STM32_Drivers.dir/__/__/Drivers/STM32F4xx_HAL_Driver/Src/stm32f4xx_hal_uart.c.obj
 .text.UART_DMAAbortOnError
                0x0800cf9a       0x22 cmake/stm32cubemx/CMakeFiles/STM32_Drivers.dir/__/__/Drivers/STM32F4xx_HAL_Driver/Src/stm32f4xx_hal_uart.c.obj
 .text.UART_Transmit_IT
                0x0800cfbc       0xa0 cmake/stm32cubemx/CMakeFiles/STM32_Drivers.dir/__/__/Drivers/STM32F4xx_HAL_Driver/Src/stm32f4xx_hal_uart.c.obj
 .text.UART_EndTransmit_IT
                0x0800d05c       0x30 cmake/stm32cubemx/CMakeFiles/STM32_Drivers.dir/__/__/Drivers/STM32F4xx_HAL_Driver/Src/stm32f4xx_hal_uart.c.obj
 .text.UART_Receive_IT
                0x0800d08c      0x17c cmake/stm32cubemx/CMakeFiles/STM32_Drivers.dir/__/__/Drivers/STM32F4xx_HAL_Driver/Src/stm32f4xx_hal_uart.c.obj
 .text.UART_SetConfig
                0x0800d208      0x4e8 cmake/stm32cubemx/CMakeFiles/STM32_Drivers.dir/__/__/Drivers/STM32F4xx_HAL_Driver/Src/stm32f4xx_hal_uart.c.obj
 .text.vListInitialise
                0x0800d6f0       0x40 cmake/stm32cubemx/CMakeFiles/FreeRTOS.dir/__/__/Middlewares/Third_Party/FreeRTOS/Source/list.c.obj
                0x0800d6f0                vListInitialise
 .text.vListInitialiseItem
                0x0800d730       0x1a cmake/stm32cubemx/CMakeFiles/FreeRTOS.dir/__/__/Middlewares/Third_Party/FreeRTOS/Source/list.c.obj
                0x0800d730                vListInitialiseItem
 .text.vListInsertEnd
                0x0800d74a       0x48 cmake/stm32cubemx/CMakeFiles/FreeRTOS.dir/__/__/Middlewares/Third_Party/FreeRTOS/Source/list.c.obj
                0x0800d74a                vListInsertEnd
 .text.vListInsert
                0x0800d792       0x72 cmake/stm32cubemx/CMakeFiles/FreeRTOS.dir/__/__/Middlewares/Third_Party/FreeRTOS/Source/list.c.obj
                0x0800d792                vListInsert
 .text.uxListRemove
                0x0800d804       0x54 cmake/stm32cubemx/CMakeFiles/FreeRTOS.dir/__/__/Middlewares/Third_Party/FreeRTOS/Source/list.c.obj
                0x0800d804                uxListRemove
 .text.xQueueGenericReset
                0x0800d858       0xd4 cmake/stm32cubemx/CMakeFiles/FreeRTOS.dir/__/__/Middlewares/Third_Party/FreeRTOS/Source/queue.c.obj
                0x0800d858                xQueueGenericReset
 .text.xQueueGenericCreateStatic
                0x0800d92c       0xfa cmake/stm32cubemx/CMakeFiles/FreeRTOS.dir/__/__/Middlewares/Third_Party/FreeRTOS/Source/queue.c.obj
                0x0800d92c                xQueueGenericCreateStatic
 .text.xQueueGenericCreate
                0x0800da26       0x76 cmake/stm32cubemx/CMakeFiles/FreeRTOS.dir/__/__/Middlewares/Third_Party/FreeRTOS/Source/queue.c.obj
                0x0800da26                xQueueGenericCreate
 .text.prvInitialiseNewQueue
                0x0800da9c       0x46 cmake/stm32cubemx/CMakeFiles/FreeRTOS.dir/__/__/Middlewares/Third_Party/FreeRTOS/Source/queue.c.obj
 .text.xQueueCreateCountingSemaphoreStatic
                0x0800dae2       0x72 cmake/stm32cubemx/CMakeFiles/FreeRTOS.dir/__/__/Middlewares/Third_Party/FreeRTOS/Source/queue.c.obj
                0x0800dae2                xQueueCreateCountingSemaphoreStatic
 .text.xQueueCreateCountingSemaphore
                0x0800db54       0x6a cmake/stm32cubemx/CMakeFiles/FreeRTOS.dir/__/__/Middlewares/Third_Party/FreeRTOS/Source/queue.c.obj
                0x0800db54                xQueueCreateCountingSemaphore
 *fill*         0x0800dbbe        0x2 
 .text.xQueueGenericSend
                0x0800dbc0      0x204 cmake/stm32cubemx/CMakeFiles/FreeRTOS.dir/__/__/Middlewares/Third_Party/FreeRTOS/Source/queue.c.obj
                0x0800dbc0                xQueueGenericSend
 .text.xQueueGenericSendFromISR
                0x0800ddc4      0x13c cmake/stm32cubemx/CMakeFiles/FreeRTOS.dir/__/__/Middlewares/Third_Party/FreeRTOS/Source/queue.c.obj
                0x0800ddc4                xQueueGenericSendFromISR
 .text.xQueueGiveFromISR
                0x0800df00      0x120 cmake/stm32cubemx/CMakeFiles/FreeRTOS.dir/__/__/Middlewares/Third_Party/FreeRTOS/Source/queue.c.obj
                0x0800df00                xQueueGiveFromISR
 .text.xQueueReceive
                0x0800e020      0x1c4 cmake/stm32cubemx/CMakeFiles/FreeRTOS.dir/__/__/Middlewares/Third_Party/FreeRTOS/Source/queue.c.obj
                0x0800e020                xQueueReceive
 .text.xQueueSemaphoreTake
                0x0800e1e4      0x220 cmake/stm32cubemx/CMakeFiles/FreeRTOS.dir/__/__/Middlewares/Third_Party/FreeRTOS/Source/queue.c.obj
                0x0800e1e4                xQueueSemaphoreTake
 .text.xQueueReceiveFromISR
                0x0800e404      0x104 cmake/stm32cubemx/CMakeFiles/FreeRTOS.dir/__/__/Middlewares/Third_Party/FreeRTOS/Source/queue.c.obj
                0x0800e404                xQueueReceiveFromISR
 .text.vQueueDelete
                0x0800e508       0x48 cmake/stm32cubemx/CMakeFiles/FreeRTOS.dir/__/__/Middlewares/Third_Party/FreeRTOS/Source/queue.c.obj
                0x0800e508                vQueueDelete
 .text.prvGetDisinheritPriorityAfterTimeout
                0x0800e550       0x30 cmake/stm32cubemx/CMakeFiles/FreeRTOS.dir/__/__/Middlewares/Third_Party/FreeRTOS/Source/queue.c.obj
 .text.prvCopyDataToQueue
                0x0800e580       0xd4 cmake/stm32cubemx/CMakeFiles/FreeRTOS.dir/__/__/Middlewares/Third_Party/FreeRTOS/Source/queue.c.obj
 .text.prvCopyDataFromQueue
                0x0800e654       0x4c cmake/stm32cubemx/CMakeFiles/FreeRTOS.dir/__/__/Middlewares/Third_Party/FreeRTOS/Source/queue.c.obj
 .text.prvUnlockQueue
                0x0800e6a0       0xa4 cmake/stm32cubemx/CMakeFiles/FreeRTOS.dir/__/__/Middlewares/Third_Party/FreeRTOS/Source/queue.c.obj
 .text.prvIsQueueEmpty
                0x0800e744       0x2c cmake/stm32cubemx/CMakeFiles/FreeRTOS.dir/__/__/Middlewares/Third_Party/FreeRTOS/Source/queue.c.obj
 .text.prvIsQueueFull
                0x0800e770       0x30 cmake/stm32cubemx/CMakeFiles/FreeRTOS.dir/__/__/Middlewares/Third_Party/FreeRTOS/Source/queue.c.obj
 .text.vQueueAddToRegistry
                0x0800e7a0       0x54 cmake/stm32cubemx/CMakeFiles/FreeRTOS.dir/__/__/Middlewares/Third_Party/FreeRTOS/Source/queue.c.obj
                0x0800e7a0                vQueueAddToRegistry
 .text.vQueueUnregisterQueue
                0x0800e7f4       0x54 cmake/stm32cubemx/CMakeFiles/FreeRTOS.dir/__/__/Middlewares/Third_Party/FreeRTOS/Source/queue.c.obj
                0x0800e7f4                vQueueUnregisterQueue
 .text.vQueueWaitForMessageRestricted
                0x0800e848       0x68 cmake/stm32cubemx/CMakeFiles/FreeRTOS.dir/__/__/Middlewares/Third_Party/FreeRTOS/Source/queue.c.obj
                0x0800e848                vQueueWaitForMessageRestricted
 .text.xTaskCreateStatic
                0x0800e8b0       0xc0 cmake/stm32cubemx/CMakeFiles/FreeRTOS.dir/__/__/Middlewares/Third_Party/FreeRTOS/Source/tasks.c.obj
                0x0800e8b0                xTaskCreateStatic
 .text.xTaskCreate
                0x0800e970       0x8a cmake/stm32cubemx/CMakeFiles/FreeRTOS.dir/__/__/Middlewares/Third_Party/FreeRTOS/Source/tasks.c.obj
                0x0800e970                xTaskCreate
 .text.prvInitialiseNewTask
                0x0800e9fa      0x120 cmake/stm32cubemx/CMakeFiles/FreeRTOS.dir/__/__/Middlewares/Third_Party/FreeRTOS/Source/tasks.c.obj
 *fill*         0x0800eb1a        0x2 
 .text.prvAddNewTaskToReadyList
                0x0800eb1c       0xe0 cmake/stm32cubemx/CMakeFiles/FreeRTOS.dir/__/__/Middlewares/Third_Party/FreeRTOS/Source/tasks.c.obj
 .text.vTaskDelay
                0x0800ebfc       0x6c cmake/stm32cubemx/CMakeFiles/FreeRTOS.dir/__/__/Middlewares/Third_Party/FreeRTOS/Source/tasks.c.obj
                0x0800ebfc                vTaskDelay
 .text.vTaskStartScheduler
                0x0800ec68       0xd0 cmake/stm32cubemx/CMakeFiles/FreeRTOS.dir/__/__/Middlewares/Third_Party/FreeRTOS/Source/tasks.c.obj
                0x0800ec68                vTaskStartScheduler
 .text.vTaskSuspendAll
                0x0800ed38       0x1c cmake/stm32cubemx/CMakeFiles/FreeRTOS.dir/__/__/Middlewares/Third_Party/FreeRTOS/Source/tasks.c.obj
                0x0800ed38                vTaskSuspendAll
 .text.xTaskResumeAll
                0x0800ed54      0x13c cmake/stm32cubemx/CMakeFiles/FreeRTOS.dir/__/__/Middlewares/Third_Party/FreeRTOS/Source/tasks.c.obj
                0x0800ed54                xTaskResumeAll
 .text.xTaskGetTickCount
                0x0800ee90       0x20 cmake/stm32cubemx/CMakeFiles/FreeRTOS.dir/__/__/Middlewares/Third_Party/FreeRTOS/Source/tasks.c.obj
                0x0800ee90                xTaskGetTickCount
 .text.xTaskIncrementTick
                0x0800eeb0      0x174 cmake/stm32cubemx/CMakeFiles/FreeRTOS.dir/__/__/Middlewares/Third_Party/FreeRTOS/Source/tasks.c.obj
                0x0800eeb0                xTaskIncrementTick
 .text.vTaskSwitchContext
                0x0800f024       0xbc cmake/stm32cubemx/CMakeFiles/FreeRTOS.dir/__/__/Middlewares/Third_Party/FreeRTOS/Source/tasks.c.obj
                0x0800f024                vTaskSwitchContext
 .text.vTaskPlaceOnEventList
                0x0800f0e0       0x4c cmake/stm32cubemx/CMakeFiles/FreeRTOS.dir/__/__/Middlewares/Third_Party/FreeRTOS/Source/tasks.c.obj
                0x0800f0e0                vTaskPlaceOnEventList
 .text.vTaskPlaceOnEventListRestricted
                0x0800f12c       0x58 cmake/stm32cubemx/CMakeFiles/FreeRTOS.dir/__/__/Middlewares/Third_Party/FreeRTOS/Source/tasks.c.obj
                0x0800f12c                vTaskPlaceOnEventListRestricted
 .text.xTaskRemoveFromEventList
                0x0800f184       0xc8 cmake/stm32cubemx/CMakeFiles/FreeRTOS.dir/__/__/Middlewares/Third_Party/FreeRTOS/Source/tasks.c.obj
                0x0800f184                xTaskRemoveFromEventList
 .text.vTaskInternalSetTimeOutState
                0x0800f24c       0x2c cmake/stm32cubemx/CMakeFiles/FreeRTOS.dir/__/__/Middlewares/Third_Party/FreeRTOS/Source/tasks.c.obj
                0x0800f24c                vTaskInternalSetTimeOutState
 .text.xTaskCheckForTimeOut
                0x0800f278       0xc8 cmake/stm32cubemx/CMakeFiles/FreeRTOS.dir/__/__/Middlewares/Third_Party/FreeRTOS/Source/tasks.c.obj
                0x0800f278                xTaskCheckForTimeOut
 .text.vTaskMissedYield
                0x0800f340       0x18 cmake/stm32cubemx/CMakeFiles/FreeRTOS.dir/__/__/Middlewares/Third_Party/FreeRTOS/Source/tasks.c.obj
                0x0800f340                vTaskMissedYield
 .text.prvIdleTask
                0x0800f358       0x30 cmake/stm32cubemx/CMakeFiles/FreeRTOS.dir/__/__/Middlewares/Third_Party/FreeRTOS/Source/tasks.c.obj
 .text.prvInitialiseTaskLists
                0x0800f388       0x80 cmake/stm32cubemx/CMakeFiles/FreeRTOS.dir/__/__/Middlewares/Third_Party/FreeRTOS/Source/tasks.c.obj
 .text.prvCheckTasksWaitingTermination
                0x0800f408       0x5c cmake/stm32cubemx/CMakeFiles/FreeRTOS.dir/__/__/Middlewares/Third_Party/FreeRTOS/Source/tasks.c.obj
 .text.prvDeleteTCB
                0x0800f464       0x60 cmake/stm32cubemx/CMakeFiles/FreeRTOS.dir/__/__/Middlewares/Third_Party/FreeRTOS/Source/tasks.c.obj
 .text.prvResetNextTaskUnblockTime
                0x0800f4c4       0x40 cmake/stm32cubemx/CMakeFiles/FreeRTOS.dir/__/__/Middlewares/Third_Party/FreeRTOS/Source/tasks.c.obj
 .text.xTaskGetSchedulerState
                0x0800f504       0x3c cmake/stm32cubemx/CMakeFiles/FreeRTOS.dir/__/__/Middlewares/Third_Party/FreeRTOS/Source/tasks.c.obj
                0x0800f504                xTaskGetSchedulerState
 .text.xTaskPriorityInherit
                0x0800f540       0xd0 cmake/stm32cubemx/CMakeFiles/FreeRTOS.dir/__/__/Middlewares/Third_Party/FreeRTOS/Source/tasks.c.obj
                0x0800f540                xTaskPriorityInherit
 .text.xTaskPriorityDisinherit
                0x0800f610       0xe0 cmake/stm32cubemx/CMakeFiles/FreeRTOS.dir/__/__/Middlewares/Third_Party/FreeRTOS/Source/tasks.c.obj
                0x0800f610                xTaskPriorityDisinherit
 .text.vTaskPriorityDisinheritAfterTimeout
                0x0800f6f0      0x108 cmake/stm32cubemx/CMakeFiles/FreeRTOS.dir/__/__/Middlewares/Third_Party/FreeRTOS/Source/tasks.c.obj
                0x0800f6f0                vTaskPriorityDisinheritAfterTimeout
 .text.pvTaskIncrementMutexHeldCount
                0x0800f7f8       0x28 cmake/stm32cubemx/CMakeFiles/FreeRTOS.dir/__/__/Middlewares/Third_Party/FreeRTOS/Source/tasks.c.obj
                0x0800f7f8                pvTaskIncrementMutexHeldCount
 .text.prvAddCurrentTaskToDelayedList
                0x0800f820       0xa8 cmake/stm32cubemx/CMakeFiles/FreeRTOS.dir/__/__/Middlewares/Third_Party/FreeRTOS/Source/tasks.c.obj
 .text.xTimerCreateTimerTask
                0x0800f8c8       0x94 cmake/stm32cubemx/CMakeFiles/FreeRTOS.dir/__/__/Middlewares/Third_Party/FreeRTOS/Source/timers.c.obj
                0x0800f8c8                xTimerCreateTimerTask
 .text.xTimerGenericCommand
                0x0800f95c       0x9c cmake/stm32cubemx/CMakeFiles/FreeRTOS.dir/__/__/Middlewares/Third_Party/FreeRTOS/Source/timers.c.obj
                0x0800f95c                xTimerGenericCommand
 .text.prvProcessExpiredTimer
                0x0800f9f8       0x9c cmake/stm32cubemx/CMakeFiles/FreeRTOS.dir/__/__/Middlewares/Third_Party/FreeRTOS/Source/timers.c.obj
 .text.prvTimerTask
                0x0800fa94       0x26 cmake/stm32cubemx/CMakeFiles/FreeRTOS.dir/__/__/Middlewares/Third_Party/FreeRTOS/Source/timers.c.obj
 *fill*         0x0800faba        0x2 
 .text.prvProcessTimerOrBlockTask
                0x0800fabc       0x9c cmake/stm32cubemx/CMakeFiles/FreeRTOS.dir/__/__/Middlewares/Third_Party/FreeRTOS/Source/timers.c.obj
 .text.prvGetNextExpireTime
                0x0800fb58       0x48 cmake/stm32cubemx/CMakeFiles/FreeRTOS.dir/__/__/Middlewares/Third_Party/FreeRTOS/Source/timers.c.obj
 .text.prvSampleTimeNow
                0x0800fba0       0x40 cmake/stm32cubemx/CMakeFiles/FreeRTOS.dir/__/__/Middlewares/Third_Party/FreeRTOS/Source/timers.c.obj
 .text.prvInsertTimerInActiveList
                0x0800fbe0       0x84 cmake/stm32cubemx/CMakeFiles/FreeRTOS.dir/__/__/Middlewares/Third_Party/FreeRTOS/Source/timers.c.obj
 .text.prvProcessReceivedCommands
                0x0800fc64      0x1cc cmake/stm32cubemx/CMakeFiles/FreeRTOS.dir/__/__/Middlewares/Third_Party/FreeRTOS/Source/timers.c.obj
 .text.prvSwitchTimerLists
                0x0800fe30       0xcc cmake/stm32cubemx/CMakeFiles/FreeRTOS.dir/__/__/Middlewares/Third_Party/FreeRTOS/Source/timers.c.obj
 .text.prvCheckForValidListAndQueue
                0x0800fefc       0x80 cmake/stm32cubemx/CMakeFiles/FreeRTOS.dir/__/__/Middlewares/Third_Party/FreeRTOS/Source/timers.c.obj
 .text.__NVIC_SetPriority
                0x0800ff7c       0x54 cmake/stm32cubemx/CMakeFiles/FreeRTOS.dir/__/__/Middlewares/Third_Party/FreeRTOS/Source/CMSIS_RTOS_V2/cmsis_os2.c.obj
 .text.SysTick_Handler
                0x0800ffd0       0x20 cmake/stm32cubemx/CMakeFiles/FreeRTOS.dir/__/__/Middlewares/Third_Party/FreeRTOS/Source/CMSIS_RTOS_V2/cmsis_os2.c.obj
                0x0800ffd0                SysTick_Handler
 .text.SVC_Setup
                0x0800fff0       0x12 cmake/stm32cubemx/CMakeFiles/FreeRTOS.dir/__/__/Middlewares/Third_Party/FreeRTOS/Source/CMSIS_RTOS_V2/cmsis_os2.c.obj
 *fill*         0x08010002        0x2 
 .text.osKernelInitialize
                0x08010004       0x48 cmake/stm32cubemx/CMakeFiles/FreeRTOS.dir/__/__/Middlewares/Third_Party/FreeRTOS/Source/CMSIS_RTOS_V2/cmsis_os2.c.obj
                0x08010004                osKernelInitialize
 .text.osKernelStart
                0x0801004c       0x4c cmake/stm32cubemx/CMakeFiles/FreeRTOS.dir/__/__/Middlewares/Third_Party/FreeRTOS/Source/CMSIS_RTOS_V2/cmsis_os2.c.obj
                0x0801004c                osKernelStart
 .text.osThreadNew
                0x08010098      0x124 cmake/stm32cubemx/CMakeFiles/FreeRTOS.dir/__/__/Middlewares/Third_Party/FreeRTOS/Source/CMSIS_RTOS_V2/cmsis_os2.c.obj
                0x08010098                osThreadNew
 .text.osDelay  0x080101bc       0x36 cmake/stm32cubemx/CMakeFiles/FreeRTOS.dir/__/__/Middlewares/Third_Party/FreeRTOS/Source/CMSIS_RTOS_V2/cmsis_os2.c.obj
                0x080101bc                osDelay
 .text.osSemaphoreNew
                0x080101f2      0x112 cmake/stm32cubemx/CMakeFiles/FreeRTOS.dir/__/__/Middlewares/Third_Party/FreeRTOS/Source/CMSIS_RTOS_V2/cmsis_os2.c.obj
                0x080101f2                osSemaphoreNew
 .text.osSemaphoreAcquire
                0x08010304       0xa4 cmake/stm32cubemx/CMakeFiles/FreeRTOS.dir/__/__/Middlewares/Third_Party/FreeRTOS/Source/CMSIS_RTOS_V2/cmsis_os2.c.obj
                0x08010304                osSemaphoreAcquire
 .text.osSemaphoreRelease
                0x080103a8       0x88 cmake/stm32cubemx/CMakeFiles/FreeRTOS.dir/__/__/Middlewares/Third_Party/FreeRTOS/Source/CMSIS_RTOS_V2/cmsis_os2.c.obj
                0x080103a8                osSemaphoreRelease
 .text.osMessageQueueNew
                0x08010430       0xe6 cmake/stm32cubemx/CMakeFiles/FreeRTOS.dir/__/__/Middlewares/Third_Party/FreeRTOS/Source/CMSIS_RTOS_V2/cmsis_os2.c.obj
                0x08010430                osMessageQueueNew
 *fill*         0x08010516        0x2 
 .text.osMessageQueuePut
                0x08010518       0xc0 cmake/stm32cubemx/CMakeFiles/FreeRTOS.dir/__/__/Middlewares/Third_Party/FreeRTOS/Source/CMSIS_RTOS_V2/cmsis_os2.c.obj
                0x08010518                osMessageQueuePut
 .text.osMessageQueueGet
                0x080105d8       0xbc cmake/stm32cubemx/CMakeFiles/FreeRTOS.dir/__/__/Middlewares/Third_Party/FreeRTOS/Source/CMSIS_RTOS_V2/cmsis_os2.c.obj
                0x080105d8                osMessageQueueGet
 .text.vApplicationGetIdleTaskMemory
                0x08010694       0x34 cmake/stm32cubemx/CMakeFiles/FreeRTOS.dir/__/__/Middlewares/Third_Party/FreeRTOS/Source/CMSIS_RTOS_V2/cmsis_os2.c.obj
                0x08010694                vApplicationGetIdleTaskMemory
 .text.vApplicationGetTimerTaskMemory
                0x080106c8       0x34 cmake/stm32cubemx/CMakeFiles/FreeRTOS.dir/__/__/Middlewares/Third_Party/FreeRTOS/Source/CMSIS_RTOS_V2/cmsis_os2.c.obj
                0x080106c8                vApplicationGetTimerTaskMemory
 .text.pvPortMalloc
                0x080106fc      0x19c cmake/stm32cubemx/CMakeFiles/FreeRTOS.dir/__/__/Middlewares/Third_Party/FreeRTOS/Source/portable/MemMang/heap_4.c.obj
                0x080106fc                pvPortMalloc
 .text.vPortFree
                0x08010898       0xc8 cmake/stm32cubemx/CMakeFiles/FreeRTOS.dir/__/__/Middlewares/Third_Party/FreeRTOS/Source/portable/MemMang/heap_4.c.obj
                0x08010898                vPortFree
 .text.prvHeapInit
                0x08010960       0xc4 cmake/stm32cubemx/CMakeFiles/FreeRTOS.dir/__/__/Middlewares/Third_Party/FreeRTOS/Source/portable/MemMang/heap_4.c.obj
 .text.prvInsertBlockIntoFreeList
                0x08010a24       0xb4 cmake/stm32cubemx/CMakeFiles/FreeRTOS.dir/__/__/Middlewares/Third_Party/FreeRTOS/Source/portable/MemMang/heap_4.c.obj
 .text.pxPortInitialiseStack
                0x08010ad8       0x68 cmake/stm32cubemx/CMakeFiles/FreeRTOS.dir/__/__/Middlewares/Third_Party/FreeRTOS/Source/portable/GCC/ARM_CM4F/port.c.obj
                0x08010ad8                pxPortInitialiseStack
 .text.prvTaskExitError
                0x08010b40       0x5c cmake/stm32cubemx/CMakeFiles/FreeRTOS.dir/__/__/Middlewares/Third_Party/FreeRTOS/Source/portable/GCC/ARM_CM4F/port.c.obj
 *fill*         0x08010b9c        0x4 
 .text.SVC_Handler
                0x08010ba0       0x28 cmake/stm32cubemx/CMakeFiles/FreeRTOS.dir/__/__/Middlewares/Third_Party/FreeRTOS/Source/portable/GCC/ARM_CM4F/port.c.obj
                0x08010ba0                SVC_Handler
 .text.prvPortStartFirstTask
                0x08010bc8       0x28 cmake/stm32cubemx/CMakeFiles/FreeRTOS.dir/__/__/Middlewares/Third_Party/FreeRTOS/Source/portable/GCC/ARM_CM4F/port.c.obj
 .text.xPortStartScheduler
                0x08010bf0      0x148 cmake/stm32cubemx/CMakeFiles/FreeRTOS.dir/__/__/Middlewares/Third_Party/FreeRTOS/Source/portable/GCC/ARM_CM4F/port.c.obj
                0x08010bf0                xPortStartScheduler
 .text.vPortEnterCritical
                0x08010d38       0x64 cmake/stm32cubemx/CMakeFiles/FreeRTOS.dir/__/__/Middlewares/Third_Party/FreeRTOS/Source/portable/GCC/ARM_CM4F/port.c.obj
                0x08010d38                vPortEnterCritical
 .text.vPortExitCritical
                0x08010d9c       0x54 cmake/stm32cubemx/CMakeFiles/FreeRTOS.dir/__/__/Middlewares/Third_Party/FreeRTOS/Source/portable/GCC/ARM_CM4F/port.c.obj
                0x08010d9c                vPortExitCritical
 .text.PendSV_Handler
                0x08010df0       0x68 cmake/stm32cubemx/CMakeFiles/FreeRTOS.dir/__/__/Middlewares/Third_Party/FreeRTOS/Source/portable/GCC/ARM_CM4F/port.c.obj
                0x08010df0                PendSV_Handler
 .text.xPortSysTickHandler
                0x08010e58       0x44 cmake/stm32cubemx/CMakeFiles/FreeRTOS.dir/__/__/Middlewares/Third_Party/FreeRTOS/Source/portable/GCC/ARM_CM4F/port.c.obj
                0x08010e58                xPortSysTickHandler
 .text.vPortSetupTimerInterrupt
                0x08010e9c       0x48 cmake/stm32cubemx/CMakeFiles/FreeRTOS.dir/__/__/Middlewares/Third_Party/FreeRTOS/Source/portable/GCC/ARM_CM4F/port.c.obj
                0x08010e9c                vPortSetupTimerInterrupt
 .text.vPortEnableVFP
                0x08010ee4       0x14 cmake/stm32cubemx/CMakeFiles/FreeRTOS.dir/__/__/Middlewares/Third_Party/FreeRTOS/Source/portable/GCC/ARM_CM4F/port.c.obj
 .text.vPortValidateInterruptPriority
                0x08010ef8       0x84 cmake/stm32cubemx/CMakeFiles/FreeRTOS.dir/__/__/Middlewares/Third_Party/FreeRTOS/Source/portable/GCC/ARM_CM4F/port.c.obj
                0x08010ef8                vPortValidateInterruptPriority
 *(.glue_7)
 .glue_7        0x08010f7c        0x0 linker stubs
 *(.glue_7t)
 .glue_7t       0x08010f7c        0x0 linker stubs
 *(.eh_frame)
 .eh_frame      0x08010f7c        0x0 /usr/lib/gcc/arm-none-eabi/13.2.1/thumb/v7e-m+fp/hard/crtbegin.o
 *(.init)
 .init          0x08010f7c        0x4 /usr/lib/gcc/arm-none-eabi/13.2.1/thumb/v7e-m+fp/hard/crti.o
                0x08010f7c                _init
 .init          0x08010f80        0x8 /usr/lib/gcc/arm-none-eabi/13.2.1/thumb/v7e-m+fp/hard/crtn.o
 *(.fini)
 .fini          0x08010f88        0x4 /usr/lib/gcc/arm-none-eabi/13.2.1/thumb/v7e-m+fp/hard/crti.o
                0x08010f88                _fini
 .fini          0x08010f8c        0x8 /usr/lib/gcc/arm-none-eabi/13.2.1/thumb/v7e-m+fp/hard/crtn.o
                0x08010f94                        . = ALIGN (0x4)
                0x08010f94                        _etext = .

.vfp11_veneer   0x08010f94        0x0
 .vfp11_veneer  0x08010f94        0x0 linker stubs

.v4_bx          0x08010f94        0x0
 .v4_bx         0x08010f94        0x0 linker stubs

.iplt           0x08010f94        0x0
 .iplt          0x08010f94        0x0 /usr/lib/gcc/arm-none-eabi/13.2.1/thumb/v7e-m+fp/hard/crtbegin.o

.rodata         0x08010f98      0x580
                0x08010f98                        . = ALIGN (0x4)
 *(.rodata)
 .rodata        0x08010f98       0x3e CMakeFiles/falconDrone.dir/Core/Src/freertos.c.obj
 *fill*         0x08010fd6        0x2 
 .rodata        0x08010fd8       0x7b CMakeFiles/falconDrone.dir/Core/Src/cpp_adapter.cpp.obj
 *fill*         0x08011053        0x1 
 .rodata        0x08011054        0x5 cmake/stm32cubemx/CMakeFiles/FreeRTOS.dir/__/__/Middlewares/Third_Party/FreeRTOS/Source/tasks.c.obj
 *fill*         0x08011059        0x3 
 .rodata        0x0801105c        0xd cmake/stm32cubemx/CMakeFiles/FreeRTOS.dir/__/__/Middlewares/Third_Party/FreeRTOS/Source/timers.c.obj
 *fill*         0x08011069        0x7 
 .rodata        0x08011070       0x10 /usr/lib/gcc/arm-none-eabi/13.2.1/../../../arm-none-eabi/lib/thumb/v7e-m+fp/hard/libm.a(libm_a-e_sqrt.o)
 .rodata        0x08011080       0x30 /usr/lib/gcc/arm-none-eabi/13.2.1/../../../arm-none-eabi/lib/thumb/v7e-m+fp/hard/libm.a(libm_a-e_atan2.o)
 .rodata        0x080110b0       0x40 /usr/lib/gcc/arm-none-eabi/13.2.1/../../../arm-none-eabi/lib/thumb/v7e-m+fp/hard/libm.a(libm_a-s_atan.o)
 .rodata        0x080110f0      0x128 /usr/lib/gcc/arm-none-eabi/13.2.1/../../../arm-none-eabi/lib/thumb/v7e-m+fp/hard/libg_nano.a(libc_a-mprec.o)
                0x08011100                __mprec_tens
                0x080111c8                __mprec_tinytens
                0x080111f0                __mprec_bigtens
 .rodata        0x08011218      0x101 /usr/lib/gcc/arm-none-eabi/13.2.1/../../../arm-none-eabi/lib/thumb/v7e-m+fp/hard/libg_nano.a(libc_a-ctype_.o)
                0x08011218                _ctype_
 *(.rodata*)
 *fill*         0x08011319        0x3 
 .rodata.defaultTask_attributes
                0x0801131c       0x24 CMakeFiles/falconDrone.dir/Core/Src/freertos.c.obj
                0x0801131c                defaultTask_attributes
 .rodata.IMUTask_attributes
                0x08011340       0x24 CMakeFiles/falconDrone.dir/Core/Src/freertos.c.obj
                0x08011340                IMUTask_attributes
 .rodata.LogTask_attributes
                0x08011364       0x24 CMakeFiles/falconDrone.dir/Core/Src/freertos.c.obj
                0x08011364                LogTask_attributes
 .rodata.logQueue_attributes
                0x08011388       0x18 CMakeFiles/falconDrone.dir/Core/Src/freertos.c.obj
                0x08011388                logQueue_attributes
 .rodata.imuSem_attributes
                0x080113a0       0x10 CMakeFiles/falconDrone.dir/Core/Src/freertos.c.obj
                0x080113a0                imuSem_attributes
 .rodata.txCompleteSem_attributes
                0x080113b0       0x10 CMakeFiles/falconDrone.dir/Core/Src/freertos.c.obj
                0x080113b0                txCompleteSem_attributes
 .rodata.AHBPrescTable
                0x080113c0       0x10 cmake/stm32cubemx/CMakeFiles/STM32_Drivers.dir/__/__/Core/Src/system_stm32f4xx.c.obj
                0x080113c0                AHBPrescTable
 .rodata.APBPrescTable
                0x080113d0        0x8 cmake/stm32cubemx/CMakeFiles/STM32_Drivers.dir/__/__/Core/Src/system_stm32f4xx.c.obj
                0x080113d0                APBPrescTable
 .rodata.flagBitshiftOffset.0
                0x080113d8        0x8 cmake/stm32cubemx/CMakeFiles/STM32_Drivers.dir/__/__/Drivers/STM32F4xx_HAL_Driver/Src/stm32f4xx_hal_dma.c.obj
 .rodata.str1.4
                0x080113e0      0x136 /usr/lib/gcc/arm-none-eabi/13.2.1/../../../arm-none-eabi/lib/thumb/v7e-m+fp/hard/libg_nano.a(libc_a-nano-svfprintf.o)
                                 0x13 (size before relaxing)
 .rodata.str1.4
                0x08011516       0x12 /usr/lib/gcc/arm-none-eabi/13.2.1/../../../arm-none-eabi/lib/thumb/v7e-m+fp/hard/libg_nano.a(libc_a-nano-vfprintf_float.o)
 .rodata.str1.4
                0x08011516       0x69 /usr/lib/gcc/arm-none-eabi/13.2.1/../../../arm-none-eabi/lib/thumb/v7e-m+fp/hard/libg_nano.a(libc_a-dtoa.o)
 .rodata.str1.4
                0x08011516       0x25 /usr/lib/gcc/arm-none-eabi/13.2.1/../../../arm-none-eabi/lib/thumb/v7e-m+fp/hard/libg_nano.a(libc_a-nano-vfprintf_i.o)
 .rodata.str1.4
                0x08011516       0x43 /usr/lib/gcc/arm-none-eabi/13.2.1/../../../arm-none-eabi/lib/thumb/v7e-m+fp/hard/libg_nano.a(libc_a-assert.o)
 .rodata.str1.4
                0x08011516       0x59 /usr/lib/gcc/arm-none-eabi/13.2.1/../../../arm-none-eabi/lib/thumb/v7e-m+fp/hard/libg_nano.a(libc_a-mprec.o)
 .rodata.str1.4
                0x08011516       0x12 /usr/lib/gcc/arm-none-eabi/13.2.1/../../../arm-none-eabi/lib/thumb/v7e-m+fp/hard/libg_nano.a(libc_a-locale.o)
 .rodata.str1.4
                0x08011516       0x13 /usr/lib/gcc/arm-none-eabi/13.2.1/../../../arm-none-eabi/lib/thumb/v7e-m+fp/hard/libg_nano.a(libc_a-nano-vfprintf.o)
                0x08011580                        . = ALIGN (0x4)
 *fill*         0x08011516        0x2 

.ARM.extab      0x08011518        0x0
                0x08011518                        . = ALIGN (0x4)
 *(.ARM.extab* .gnu.linkonce.armextab.*)
                0x08011518                        . = ALIGN (0x4)

.ARM            0x08011518        0x8
                0x08011518                        . = ALIGN (0x4)
                0x08011518                        __exidx_start = .
 *(.ARM.exidx*)
 .ARM.exidx     0x08011518        0x8 /usr/lib/gcc/arm-none-eabi/13.2.1/thumb/v7e-m+fp/hard/libgcc.a(_udivmoddi4.o)
 .ARM.exidx     0x08011520        0x0 /usr/lib/gcc/arm-none-eabi/13.2.1/../../../arm-none-eabi/lib/thumb/v7e-m+fp/hard/libg_nano.a(libc_a-strlen.o)
                                  0x8 (size before relaxing)
 .ARM.exidx     0x08011520        0x0 /usr/lib/gcc/arm-none-eabi/13.2.1/../../../arm-none-eabi/lib/thumb/v7e-m+fp/hard/libg_nano.a(libc_a-memchr.o)
                                  0x8 (size before relaxing)
 .ARM.exidx     0x08011520        0x0 /usr/lib/gcc/arm-none-eabi/13.2.1/../../../arm-none-eabi/lib/thumb/v7e-m+fp/hard/libg_nano.a(libc_a-memcpy.o)
                                  0x8 (size before relaxing)
                0x08011520                        __exidx_end = .
                0x08011520                        . = ALIGN (0x4)

.preinit_array  0x08011520        0x0
                0x08011520                        . = ALIGN (0x4)
                0x08011520                        PROVIDE (__preinit_array_start = .)
 *(.preinit_array*)
                0x08011520                        PROVIDE (__preinit_array_end = .)
                0x08011520                        . = ALIGN (0x4)

.init_array     0x08011520        0x8
                0x08011520                        . = ALIGN (0x4)
                0x08011520                        PROVIDE (__init_array_start = .)
 *(SORT_BY_NAME(.init_array.*))
 *(.init_array*)
 .init_array    0x08011520        0x4 /usr/lib/gcc/arm-none-eabi/13.2.1/thumb/v7e-m+fp/hard/crtbegin.o
 .init_array    0x08011524        0x4 CMakeFiles/falconDrone.dir/Core/Src/cpp_adapter.cpp.obj
                0x08011528                        PROVIDE (__init_array_end = .)
                0x08011528                        . = ALIGN (0x4)

.fini_array     0x08011528        0x4
                0x08011528                        . = ALIGN (0x4)
                0x08011528                        PROVIDE (__fini_array_start = .)
 *(SORT_BY_NAME(.fini_array.*))
 *(.fini_array*)
 .fini_array    0x08011528        0x4 /usr/lib/gcc/arm-none-eabi/13.2.1/thumb/v7e-m+fp/hard/crtbegin.o
                0x0801152c                        PROVIDE (__fini_array_end = .)
                0x0801152c                        . = ALIGN (0x4)
                0x0801152c                        _sidata = LOADADDR (.data)

.rel.dyn        0x0801152c        0x0
 .rel.iplt      0x0801152c        0x0 /usr/lib/gcc/arm-none-eabi/13.2.1/thumb/v7e-m+fp/hard/crtbegin.o

.data           0x20000000      0x1d8 load address 0x0801152c
                0x20000000                        . = ALIGN (0x4)
                0x20000000                        _sdata = .
 *(.data)
 .data          0x20000000       0x50 /usr/lib/gcc/arm-none-eabi/13.2.1/../../../arm-none-eabi/lib/thumb/v7e-m+fp/hard/libg_nano.a(libc_a-impure.o)
                0x20000000                _impure_ptr
                0x20000004                _impure_data
 .data          0x20000050        0xc /usr/lib/gcc/arm-none-eabi/13.2.1/../../../arm-none-eabi/lib/thumb/v7e-m+fp/hard/libg_nano.a(libc_a-findfp.o)
                0x20000050                __sglue